// Jest Snapshot v1, https://goo.gl/fbAQLP

exports[`Skills renders correctly 1`] = `
.emotion-0 {
  margin: 0 auto;
  background-color: rgb(0,128,115);
  font-weight: 100;
  padding: 30px 40px;
  margin-bottom: 60px;
  text-transform: uppercase;
}

@media (max-width:992px) {
  .emotion-0 {
    padding: 20px 30px;
    margin-bottom: 40px;
  }
}

.emotion-33 {
  width: 95%;
  font-family: Roboto,sans-serif;
  font-weight: 300;
  padding: 0 24px;
  max-width: 1280px;
}

@media (min-width:1200px) {
  .emotion-33 {
    width: px;
  }
}

.emotion-5 {
  margin-bottom: 60px;
}

.emotion-4 {
  padding: 20px 20px 60px 20px !important;
}

.emotion-4 .divider {
  margin: 0;
}

.emotion-4 h4 {
  padding-bottom: 15px;
}

.emotion-3 {
  text-align: center;
  margin-left: -0.75rem;
  margin-right: -0.75rem;
}

.emotion-1 {
  font-size: 16px;
  font-weight: 400;
  position: relative;
  text-align: center;
  margin-top: 30px;
  max-height: 100px;
  height: 90px;
}

@media (max-width:768px) {
  .emotion-1 {
    margin-bottom: 20px;
  }
}

.emotion-1 p {
  padding-top: 15px;
}

.emotion-1 .sass {
  padding-top: 28px;
}

.emotion-0 {
  margin: 0 auto;
  background-color: rgb(0,128,115);
  font-weight: 100;
  padding: 30px 40px;
  margin-bottom: 60px;
  text-transform: uppercase;
}

@media (max-width:992px) {
  .emotion-0 {
    padding: 20px 30px;
    margin-bottom: 40px;
  }
}

.emotion-33 {
  width: 95%;
  font-family: Roboto,sans-serif;
  font-weight: 300;
  padding: 0 24px;
  max-width: 1280px;
}

@media (min-width:1200px) {
  .emotion-33 {
    width: px;
  }
}

.emotion-5 {
  margin-bottom: 60px;
}

.emotion-4 {
  padding: 20px 20px 60px 20px !important;
}

.emotion-4 .divider {
  margin: 0;
}

.emotion-4 h4 {
  padding-bottom: 15px;
}

.emotion-3 {
  text-align: center;
  margin-left: -0.75rem;
  margin-right: -0.75rem;
}

.emotion-1 {
  font-size: 16px;
  font-weight: 400;
  position: relative;
  text-align: center;
  margin-top: 30px;
  max-height: 100px;
  height: 90px;
}

@media (max-width:768px) {
  .emotion-1 {
    margin-bottom: 20px;
  }
}

.emotion-1 p {
  padding-top: 15px;
}

.emotion-1 .sass {
  padding-top: 28px;
}

<section
  className="section scrollspy"
  id="skills"
>
  <h3
    className="page-title white-text emotion-0"
  >
    Skills
  </h3>
  <div
    className="container emotion-33"
  >
    <div
      className="card emotion-5"
    >
      <div
        className="card-content emotion-4"
      >
        <h4
          className="brown-text light"
        >
          HTML
        </h4>
        <hr
          className="MuiDivider-root divider MuiDivider-middle"
        />
        <div
          className="row emotion-3"
        >
          <div
            className="col s4 m2 emotion-1"
          >
            <div
              className=" gatsby-image-wrapper"
              style={
                Object {
                  "maxHeight": "100%",
                  "overflow": "hidden",
                  "position": "relative",
                }
              }
            >
              <div
                aria-hidden={true}
                style={
                  Object {
                    "paddingBottom": "63.83896477354421%",
                    "width": "100%",
                  }
                }
              />
              <img
                alt=""
                aria-hidden={true}
                src="data:image/jpeg;base64,/9j/2wBDABALDA4MChAODQ4SERATGCgaGBYWGDEj"
                style={
                  Object {
                    "height": "100%",
                    "left": 0,
                    "objectFit": "contain",
                    "objectPosition": "center",
                    "opacity": 1,
                    "position": "absolute",
                    "top": 0,
                    "transitionDelay": "500ms",
                    "width": "100%",
                  }
                }
              />
              <picture>
                <source
                  sizes="(max-width: 800px) 100vw, 800px"
                  srcSet="/static/a68ec0a3134b8610c476cd0fa3c0cf7e/fd013/my_mock_image.jpg 200w,
                    /static/a68ec0a3134b8610c476cd0fa3c0cf7e/25252/my_mock_image.jpg 400w,
                    /static/a68ec0a3134b8610c476cd0fa3c0cf7e/2f1b1/my_mock_image.jpg 800w,
                    /static/a68ec0a3134b8610c476cd0fa3c0cf7e/0ff54/my_mock_image.jpg 1200w,
                    /static/a68ec0a3134b8610c476cd0fa3c0cf7e/6d185/my_mock_image.jpg 1391w"
                />
                <img
                  alt="HTML5 Logo"
                  loading="lazy"
                  onLoad={[Function]}
                  sizes="(max-width: 800px) 100vw, 800px"
                  src="/static/a68ec0a3134b8610c476cd0fa3c0cf7e/2f1b1/my_mock_image.jpg"
                  srcSet="/static/a68ec0a3134b8610c476cd0fa3c0cf7e/fd013/my_mock_image.jpg 200w,
                    /static/a68ec0a3134b8610c476cd0fa3c0cf7e/25252/my_mock_image.jpg 400w,
                    /static/a68ec0a3134b8610c476cd0fa3c0cf7e/2f1b1/my_mock_image.jpg 800w,
                    /static/a68ec0a3134b8610c476cd0fa3c0cf7e/0ff54/my_mock_image.jpg 1200w,
                    /static/a68ec0a3134b8610c476cd0fa3c0cf7e/6d185/my_mock_image.jpg 1391w"
                  style={
                    Object {
                      "height": "100%",
                      "left": 0,
                      "objectFit": "contain",
                      "objectPosition": "center",
                      "opacity": 0,
                      "position": "absolute",
                      "top": 0,
                      "transition": "opacity 500ms",
                      "width": "100%",
                    }
                  }
                />
              </picture>
              <noscript
                dangerouslySetInnerHTML={
                  Object {
                    "__html": "<picture><source srcset=\\"/static/a68ec0a3134b8610c476cd0fa3c0cf7e/fd013/my_mock_image.jpg 200w,
                    /static/a68ec0a3134b8610c476cd0fa3c0cf7e/25252/my_mock_image.jpg 400w,
                    /static/a68ec0a3134b8610c476cd0fa3c0cf7e/2f1b1/my_mock_image.jpg 800w,
                    /static/a68ec0a3134b8610c476cd0fa3c0cf7e/0ff54/my_mock_image.jpg 1200w,
                    /static/a68ec0a3134b8610c476cd0fa3c0cf7e/6d185/my_mock_image.jpg 1391w\\" sizes=\\"(max-width: 800px) 100vw, 800px\\" /><img loading=\\"lazy\\" sizes=\\"(max-width: 800px) 100vw, 800px\\" srcset=\\"/static/a68ec0a3134b8610c476cd0fa3c0cf7e/fd013/my_mock_image.jpg 200w,
                    /static/a68ec0a3134b8610c476cd0fa3c0cf7e/25252/my_mock_image.jpg 400w,
                    /static/a68ec0a3134b8610c476cd0fa3c0cf7e/2f1b1/my_mock_image.jpg 800w,
                    /static/a68ec0a3134b8610c476cd0fa3c0cf7e/0ff54/my_mock_image.jpg 1200w,
                    /static/a68ec0a3134b8610c476cd0fa3c0cf7e/6d185/my_mock_image.jpg 1391w\\" src=\\"/static/a68ec0a3134b8610c476cd0fa3c0cf7e/2f1b1/my_mock_image.jpg\\" alt=\\"HTML5 Logo\\" style=\\"position:absolute;top:0;left:0;opacity:1;width:100%;height:100%;object-fit:cover;object-position:center\\"/></picture>",
                  }
                }
              />
            </div>
            <p>
              HTML5
            </p>
          </div>
          <div
            className="col s4 m2 emotion-1"
          >
            <div
              className=" gatsby-image-wrapper"
              style={
                Object {
                  "maxHeight": "100%",
                  "overflow": "hidden",
                  "position": "relative",
                }
              }
            >
              <div
                aria-hidden={true}
                style={
                  Object {
                    "paddingBottom": "63.83896477354421%",
                    "width": "100%",
                  }
                }
              />
              <img
                alt=""
                aria-hidden={true}
                src="data:image/jpeg;base64,/9j/2wBDABALDA4MChAODQ4SERATGCgaGBYWGDEj"
                style={
                  Object {
                    "height": "100%",
                    "left": 0,
                    "objectFit": "contain",
                    "objectPosition": "center",
                    "opacity": 1,
                    "position": "absolute",
                    "top": 0,
                    "transitionDelay": "500ms",
                    "width": "100%",
                  }
                }
              />
              <picture>
                <source
                  sizes="(max-width: 800px) 100vw, 800px"
                  srcSet="/static/a68ec0a3134b8610c476cd0fa3c0cf7e/fd013/my_mock_image.jpg 200w,
                    /static/a68ec0a3134b8610c476cd0fa3c0cf7e/25252/my_mock_image.jpg 400w,
                    /static/a68ec0a3134b8610c476cd0fa3c0cf7e/2f1b1/my_mock_image.jpg 800w,
                    /static/a68ec0a3134b8610c476cd0fa3c0cf7e/0ff54/my_mock_image.jpg 1200w,
                    /static/a68ec0a3134b8610c476cd0fa3c0cf7e/6d185/my_mock_image.jpg 1391w"
                />
                <img
                  alt="React Logo"
                  loading="lazy"
                  onLoad={[Function]}
                  sizes="(max-width: 800px) 100vw, 800px"
                  src="/static/a68ec0a3134b8610c476cd0fa3c0cf7e/2f1b1/my_mock_image.jpg"
                  srcSet="/static/a68ec0a3134b8610c476cd0fa3c0cf7e/fd013/my_mock_image.jpg 200w,
                    /static/a68ec0a3134b8610c476cd0fa3c0cf7e/25252/my_mock_image.jpg 400w,
                    /static/a68ec0a3134b8610c476cd0fa3c0cf7e/2f1b1/my_mock_image.jpg 800w,
                    /static/a68ec0a3134b8610c476cd0fa3c0cf7e/0ff54/my_mock_image.jpg 1200w,
                    /static/a68ec0a3134b8610c476cd0fa3c0cf7e/6d185/my_mock_image.jpg 1391w"
                  style={
                    Object {
                      "height": "100%",
                      "left": 0,
                      "objectFit": "contain",
                      "objectPosition": "center",
                      "opacity": 0,
                      "position": "absolute",
                      "top": 0,
                      "transition": "opacity 500ms",
                      "width": "100%",
                    }
                  }
                />
              </picture>
              <noscript
                dangerouslySetInnerHTML={
                  Object {
                    "__html": "<picture><source srcset=\\"/static/a68ec0a3134b8610c476cd0fa3c0cf7e/fd013/my_mock_image.jpg 200w,
                    /static/a68ec0a3134b8610c476cd0fa3c0cf7e/25252/my_mock_image.jpg 400w,
                    /static/a68ec0a3134b8610c476cd0fa3c0cf7e/2f1b1/my_mock_image.jpg 800w,
                    /static/a68ec0a3134b8610c476cd0fa3c0cf7e/0ff54/my_mock_image.jpg 1200w,
                    /static/a68ec0a3134b8610c476cd0fa3c0cf7e/6d185/my_mock_image.jpg 1391w\\" sizes=\\"(max-width: 800px) 100vw, 800px\\" /><img loading=\\"lazy\\" sizes=\\"(max-width: 800px) 100vw, 800px\\" srcset=\\"/static/a68ec0a3134b8610c476cd0fa3c0cf7e/fd013/my_mock_image.jpg 200w,
                    /static/a68ec0a3134b8610c476cd0fa3c0cf7e/25252/my_mock_image.jpg 400w,
                    /static/a68ec0a3134b8610c476cd0fa3c0cf7e/2f1b1/my_mock_image.jpg 800w,
                    /static/a68ec0a3134b8610c476cd0fa3c0cf7e/0ff54/my_mock_image.jpg 1200w,
                    /static/a68ec0a3134b8610c476cd0fa3c0cf7e/6d185/my_mock_image.jpg 1391w\\" src=\\"/static/a68ec0a3134b8610c476cd0fa3c0cf7e/2f1b1/my_mock_image.jpg\\" alt=\\"React Logo\\" style=\\"position:absolute;top:0;left:0;opacity:1;width:100%;height:100%;object-fit:cover;object-position:center\\"/></picture>",
                  }
                }
              />
            </div>
            <p>
              JSX/TSX
            </p>
          </div>
        </div>
      </div>
    </div>
    <div
      className="card emotion-5"
    >
      <div
        className="card-content emotion-4"
      >
        <h4
          className="brown-text light"
        >
          CSS
        </h4>
        <hr
          className="MuiDivider-root divider MuiDivider-middle"
        />
        <div
          className="row emotion-3"
        >
          <div
            className="col s4 m2 emotion-1"
          >
            <div
              className=" gatsby-image-wrapper"
              style={
                Object {
                  "maxHeight": "100%",
                  "overflow": "hidden",
                  "position": "relative",
                }
              }
            >
              <div
                aria-hidden={true}
                style={
                  Object {
                    "paddingBottom": "63.83896477354421%",
                    "width": "100%",
                  }
                }
              />
              <img
                alt=""
                aria-hidden={true}
                src="data:image/jpeg;base64,/9j/2wBDABALDA4MChAODQ4SERATGCgaGBYWGDEj"
                style={
                  Object {
                    "height": "100%",
                    "left": 0,
                    "objectFit": "contain",
                    "objectPosition": "center",
                    "opacity": 1,
                    "position": "absolute",
                    "top": 0,
                    "transitionDelay": "500ms",
                    "width": "100%",
                  }
                }
              />
              <picture>
                <source
                  sizes="(max-width: 800px) 100vw, 800px"
                  srcSet="/static/a68ec0a3134b8610c476cd0fa3c0cf7e/fd013/my_mock_image.jpg 200w,
                    /static/a68ec0a3134b8610c476cd0fa3c0cf7e/25252/my_mock_image.jpg 400w,
                    /static/a68ec0a3134b8610c476cd0fa3c0cf7e/2f1b1/my_mock_image.jpg 800w,
                    /static/a68ec0a3134b8610c476cd0fa3c0cf7e/0ff54/my_mock_image.jpg 1200w,
                    /static/a68ec0a3134b8610c476cd0fa3c0cf7e/6d185/my_mock_image.jpg 1391w"
                />
                <img
                  alt="CSS3 Logo"
                  loading="lazy"
                  onLoad={[Function]}
                  sizes="(max-width: 800px) 100vw, 800px"
                  src="/static/a68ec0a3134b8610c476cd0fa3c0cf7e/2f1b1/my_mock_image.jpg"
                  srcSet="/static/a68ec0a3134b8610c476cd0fa3c0cf7e/fd013/my_mock_image.jpg 200w,
                    /static/a68ec0a3134b8610c476cd0fa3c0cf7e/25252/my_mock_image.jpg 400w,
                    /static/a68ec0a3134b8610c476cd0fa3c0cf7e/2f1b1/my_mock_image.jpg 800w,
                    /static/a68ec0a3134b8610c476cd0fa3c0cf7e/0ff54/my_mock_image.jpg 1200w,
                    /static/a68ec0a3134b8610c476cd0fa3c0cf7e/6d185/my_mock_image.jpg 1391w"
                  style={
                    Object {
                      "height": "100%",
                      "left": 0,
                      "objectFit": "contain",
                      "objectPosition": "center",
                      "opacity": 0,
                      "position": "absolute",
                      "top": 0,
                      "transition": "opacity 500ms",
                      "width": "100%",
                    }
                  }
                />
              </picture>
              <noscript
                dangerouslySetInnerHTML={
                  Object {
                    "__html": "<picture><source srcset=\\"/static/a68ec0a3134b8610c476cd0fa3c0cf7e/fd013/my_mock_image.jpg 200w,
                    /static/a68ec0a3134b8610c476cd0fa3c0cf7e/25252/my_mock_image.jpg 400w,
                    /static/a68ec0a3134b8610c476cd0fa3c0cf7e/2f1b1/my_mock_image.jpg 800w,
                    /static/a68ec0a3134b8610c476cd0fa3c0cf7e/0ff54/my_mock_image.jpg 1200w,
                    /static/a68ec0a3134b8610c476cd0fa3c0cf7e/6d185/my_mock_image.jpg 1391w\\" sizes=\\"(max-width: 800px) 100vw, 800px\\" /><img loading=\\"lazy\\" sizes=\\"(max-width: 800px) 100vw, 800px\\" srcset=\\"/static/a68ec0a3134b8610c476cd0fa3c0cf7e/fd013/my_mock_image.jpg 200w,
                    /static/a68ec0a3134b8610c476cd0fa3c0cf7e/25252/my_mock_image.jpg 400w,
                    /static/a68ec0a3134b8610c476cd0fa3c0cf7e/2f1b1/my_mock_image.jpg 800w,
                    /static/a68ec0a3134b8610c476cd0fa3c0cf7e/0ff54/my_mock_image.jpg 1200w,
                    /static/a68ec0a3134b8610c476cd0fa3c0cf7e/6d185/my_mock_image.jpg 1391w\\" src=\\"/static/a68ec0a3134b8610c476cd0fa3c0cf7e/2f1b1/my_mock_image.jpg\\" alt=\\"CSS3 Logo\\" style=\\"position:absolute;top:0;left:0;opacity:1;width:100%;height:100%;object-fit:cover;object-position:center\\"/></picture>",
                  }
                }
              />
            </div>
            <p>
              CSS3
            </p>
          </div>
          <div
            className="col s4 m2 emotion-1"
          >
            <div
              className=" gatsby-image-wrapper"
              style={
                Object {
                  "maxHeight": "100%",
                  "overflow": "hidden",
                  "position": "relative",
                }
              }
            >
              <div
                aria-hidden={true}
                style={
                  Object {
                    "paddingBottom": "63.83896477354421%",
                    "width": "100%",
                  }
                }
              />
              <img
                alt=""
                aria-hidden={true}
                src="data:image/jpeg;base64,/9j/2wBDABALDA4MChAODQ4SERATGCgaGBYWGDEj"
                style={
                  Object {
                    "height": "100%",
                    "left": 0,
                    "objectFit": "contain",
                    "objectPosition": "center",
                    "opacity": 1,
                    "position": "absolute",
                    "top": 0,
                    "transitionDelay": "500ms",
                    "width": "100%",
                  }
                }
              />
              <picture>
                <source
                  sizes="(max-width: 800px) 100vw, 800px"
                  srcSet="/static/a68ec0a3134b8610c476cd0fa3c0cf7e/fd013/my_mock_image.jpg 200w,
                    /static/a68ec0a3134b8610c476cd0fa3c0cf7e/25252/my_mock_image.jpg 400w,
                    /static/a68ec0a3134b8610c476cd0fa3c0cf7e/2f1b1/my_mock_image.jpg 800w,
                    /static/a68ec0a3134b8610c476cd0fa3c0cf7e/0ff54/my_mock_image.jpg 1200w,
                    /static/a68ec0a3134b8610c476cd0fa3c0cf7e/6d185/my_mock_image.jpg 1391w"
                />
                <img
                  alt="SASS Logo"
                  loading="lazy"
                  onLoad={[Function]}
                  sizes="(max-width: 800px) 100vw, 800px"
                  src="/static/a68ec0a3134b8610c476cd0fa3c0cf7e/2f1b1/my_mock_image.jpg"
                  srcSet="/static/a68ec0a3134b8610c476cd0fa3c0cf7e/fd013/my_mock_image.jpg 200w,
                    /static/a68ec0a3134b8610c476cd0fa3c0cf7e/25252/my_mock_image.jpg 400w,
                    /static/a68ec0a3134b8610c476cd0fa3c0cf7e/2f1b1/my_mock_image.jpg 800w,
                    /static/a68ec0a3134b8610c476cd0fa3c0cf7e/0ff54/my_mock_image.jpg 1200w,
                    /static/a68ec0a3134b8610c476cd0fa3c0cf7e/6d185/my_mock_image.jpg 1391w"
                  style={
                    Object {
                      "height": "100%",
                      "left": 0,
                      "objectFit": "contain",
                      "objectPosition": "center",
                      "opacity": 0,
                      "position": "absolute",
                      "top": 0,
                      "transition": "opacity 500ms",
                      "width": "100%",
                    }
                  }
                />
              </picture>
              <noscript
                dangerouslySetInnerHTML={
                  Object {
                    "__html": "<picture><source srcset=\\"/static/a68ec0a3134b8610c476cd0fa3c0cf7e/fd013/my_mock_image.jpg 200w,
                    /static/a68ec0a3134b8610c476cd0fa3c0cf7e/25252/my_mock_image.jpg 400w,
                    /static/a68ec0a3134b8610c476cd0fa3c0cf7e/2f1b1/my_mock_image.jpg 800w,
                    /static/a68ec0a3134b8610c476cd0fa3c0cf7e/0ff54/my_mock_image.jpg 1200w,
                    /static/a68ec0a3134b8610c476cd0fa3c0cf7e/6d185/my_mock_image.jpg 1391w\\" sizes=\\"(max-width: 800px) 100vw, 800px\\" /><img loading=\\"lazy\\" sizes=\\"(max-width: 800px) 100vw, 800px\\" srcset=\\"/static/a68ec0a3134b8610c476cd0fa3c0cf7e/fd013/my_mock_image.jpg 200w,
                    /static/a68ec0a3134b8610c476cd0fa3c0cf7e/25252/my_mock_image.jpg 400w,
                    /static/a68ec0a3134b8610c476cd0fa3c0cf7e/2f1b1/my_mock_image.jpg 800w,
                    /static/a68ec0a3134b8610c476cd0fa3c0cf7e/0ff54/my_mock_image.jpg 1200w,
                    /static/a68ec0a3134b8610c476cd0fa3c0cf7e/6d185/my_mock_image.jpg 1391w\\" src=\\"/static/a68ec0a3134b8610c476cd0fa3c0cf7e/2f1b1/my_mock_image.jpg\\" alt=\\"SASS Logo\\" style=\\"position:absolute;top:0;left:0;opacity:1;width:100%;height:100%;object-fit:cover;object-position:center\\"/></picture>",
                  }
                }
              />
            </div>
            <p
              className="sass"
            >
              SASS
            </p>
          </div>
          <div
            className="col s4 m2 emotion-1"
          >
            <div
              className=" gatsby-image-wrapper"
              style={
                Object {
                  "maxHeight": "100%",
                  "overflow": "hidden",
                  "position": "relative",
                }
              }
            >
              <div
                aria-hidden={true}
                style={
                  Object {
                    "paddingBottom": "63.83896477354421%",
                    "width": "100%",
                  }
                }
              />
              <img
                alt=""
                aria-hidden={true}
                src="data:image/jpeg;base64,/9j/2wBDABALDA4MChAODQ4SERATGCgaGBYWGDEj"
                style={
                  Object {
                    "height": "100%",
                    "left": 0,
                    "objectFit": "contain",
                    "objectPosition": "center",
                    "opacity": 1,
                    "position": "absolute",
                    "top": 0,
                    "transitionDelay": "500ms",
                    "width": "100%",
                  }
                }
              />
              <picture>
                <source
                  sizes="(max-width: 800px) 100vw, 800px"
                  srcSet="/static/a68ec0a3134b8610c476cd0fa3c0cf7e/fd013/my_mock_image.jpg 200w,
                    /static/a68ec0a3134b8610c476cd0fa3c0cf7e/25252/my_mock_image.jpg 400w,
                    /static/a68ec0a3134b8610c476cd0fa3c0cf7e/2f1b1/my_mock_image.jpg 800w,
                    /static/a68ec0a3134b8610c476cd0fa3c0cf7e/0ff54/my_mock_image.jpg 1200w,
                    /static/a68ec0a3134b8610c476cd0fa3c0cf7e/6d185/my_mock_image.jpg 1391w"
                />
                <img
                  alt="Bootstrap Logo"
                  loading="lazy"
                  onLoad={[Function]}
                  sizes="(max-width: 800px) 100vw, 800px"
                  src="/static/a68ec0a3134b8610c476cd0fa3c0cf7e/2f1b1/my_mock_image.jpg"
                  srcSet="/static/a68ec0a3134b8610c476cd0fa3c0cf7e/fd013/my_mock_image.jpg 200w,
                    /static/a68ec0a3134b8610c476cd0fa3c0cf7e/25252/my_mock_image.jpg 400w,
                    /static/a68ec0a3134b8610c476cd0fa3c0cf7e/2f1b1/my_mock_image.jpg 800w,
                    /static/a68ec0a3134b8610c476cd0fa3c0cf7e/0ff54/my_mock_image.jpg 1200w,
                    /static/a68ec0a3134b8610c476cd0fa3c0cf7e/6d185/my_mock_image.jpg 1391w"
                  style={
                    Object {
                      "height": "100%",
                      "left": 0,
                      "objectFit": "contain",
                      "objectPosition": "center",
                      "opacity": 0,
                      "position": "absolute",
                      "top": 0,
                      "transition": "opacity 500ms",
                      "width": "100%",
                    }
                  }
                />
              </picture>
              <noscript
                dangerouslySetInnerHTML={
                  Object {
                    "__html": "<picture><source srcset=\\"/static/a68ec0a3134b8610c476cd0fa3c0cf7e/fd013/my_mock_image.jpg 200w,
                    /static/a68ec0a3134b8610c476cd0fa3c0cf7e/25252/my_mock_image.jpg 400w,
                    /static/a68ec0a3134b8610c476cd0fa3c0cf7e/2f1b1/my_mock_image.jpg 800w,
                    /static/a68ec0a3134b8610c476cd0fa3c0cf7e/0ff54/my_mock_image.jpg 1200w,
                    /static/a68ec0a3134b8610c476cd0fa3c0cf7e/6d185/my_mock_image.jpg 1391w\\" sizes=\\"(max-width: 800px) 100vw, 800px\\" /><img loading=\\"lazy\\" sizes=\\"(max-width: 800px) 100vw, 800px\\" srcset=\\"/static/a68ec0a3134b8610c476cd0fa3c0cf7e/fd013/my_mock_image.jpg 200w,
                    /static/a68ec0a3134b8610c476cd0fa3c0cf7e/25252/my_mock_image.jpg 400w,
                    /static/a68ec0a3134b8610c476cd0fa3c0cf7e/2f1b1/my_mock_image.jpg 800w,
                    /static/a68ec0a3134b8610c476cd0fa3c0cf7e/0ff54/my_mock_image.jpg 1200w,
                    /static/a68ec0a3134b8610c476cd0fa3c0cf7e/6d185/my_mock_image.jpg 1391w\\" src=\\"/static/a68ec0a3134b8610c476cd0fa3c0cf7e/2f1b1/my_mock_image.jpg\\" alt=\\"Bootstrap Logo\\" style=\\"position:absolute;top:0;left:0;opacity:1;width:100%;height:100%;object-fit:cover;object-position:center\\"/></picture>",
                  }
                }
              />
            </div>
            <p>
              Bootstrap
            </p>
          </div>
          <div
            className="col s4 m2 emotion-1"
          >
            <div
              className=" gatsby-image-wrapper"
              style={
                Object {
                  "maxHeight": "100%",
                  "overflow": "hidden",
                  "position": "relative",
                }
              }
            >
              <div
                aria-hidden={true}
                style={
                  Object {
                    "paddingBottom": "63.83896477354421%",
                    "width": "100%",
                  }
                }
              />
              <img
                alt=""
                aria-hidden={true}
                src="data:image/jpeg;base64,/9j/2wBDABALDA4MChAODQ4SERATGCgaGBYWGDEj"
                style={
                  Object {
                    "height": "100%",
                    "left": 0,
                    "objectFit": "contain",
                    "objectPosition": "center",
                    "opacity": 1,
                    "position": "absolute",
                    "top": 0,
                    "transitionDelay": "500ms",
                    "width": "100%",
                  }
                }
              />
              <picture>
                <source
                  sizes="(max-width: 800px) 100vw, 800px"
                  srcSet="/static/a68ec0a3134b8610c476cd0fa3c0cf7e/fd013/my_mock_image.jpg 200w,
                    /static/a68ec0a3134b8610c476cd0fa3c0cf7e/25252/my_mock_image.jpg 400w,
                    /static/a68ec0a3134b8610c476cd0fa3c0cf7e/2f1b1/my_mock_image.jpg 800w,
                    /static/a68ec0a3134b8610c476cd0fa3c0cf7e/0ff54/my_mock_image.jpg 1200w,
                    /static/a68ec0a3134b8610c476cd0fa3c0cf7e/6d185/my_mock_image.jpg 1391w"
                />
                <img
                  alt="Materialize Logo"
                  loading="lazy"
                  onLoad={[Function]}
                  sizes="(max-width: 800px) 100vw, 800px"
                  src="/static/a68ec0a3134b8610c476cd0fa3c0cf7e/2f1b1/my_mock_image.jpg"
                  srcSet="/static/a68ec0a3134b8610c476cd0fa3c0cf7e/fd013/my_mock_image.jpg 200w,
                    /static/a68ec0a3134b8610c476cd0fa3c0cf7e/25252/my_mock_image.jpg 400w,
                    /static/a68ec0a3134b8610c476cd0fa3c0cf7e/2f1b1/my_mock_image.jpg 800w,
                    /static/a68ec0a3134b8610c476cd0fa3c0cf7e/0ff54/my_mock_image.jpg 1200w,
                    /static/a68ec0a3134b8610c476cd0fa3c0cf7e/6d185/my_mock_image.jpg 1391w"
                  style={
                    Object {
                      "height": "100%",
                      "left": 0,
                      "objectFit": "contain",
                      "objectPosition": "center",
                      "opacity": 0,
                      "position": "absolute",
                      "top": 0,
                      "transition": "opacity 500ms",
                      "width": "100%",
                    }
                  }
                />
              </picture>
              <noscript
                dangerouslySetInnerHTML={
                  Object {
                    "__html": "<picture><source srcset=\\"/static/a68ec0a3134b8610c476cd0fa3c0cf7e/fd013/my_mock_image.jpg 200w,
                    /static/a68ec0a3134b8610c476cd0fa3c0cf7e/25252/my_mock_image.jpg 400w,
                    /static/a68ec0a3134b8610c476cd0fa3c0cf7e/2f1b1/my_mock_image.jpg 800w,
                    /static/a68ec0a3134b8610c476cd0fa3c0cf7e/0ff54/my_mock_image.jpg 1200w,
                    /static/a68ec0a3134b8610c476cd0fa3c0cf7e/6d185/my_mock_image.jpg 1391w\\" sizes=\\"(max-width: 800px) 100vw, 800px\\" /><img loading=\\"lazy\\" sizes=\\"(max-width: 800px) 100vw, 800px\\" srcset=\\"/static/a68ec0a3134b8610c476cd0fa3c0cf7e/fd013/my_mock_image.jpg 200w,
                    /static/a68ec0a3134b8610c476cd0fa3c0cf7e/25252/my_mock_image.jpg 400w,
                    /static/a68ec0a3134b8610c476cd0fa3c0cf7e/2f1b1/my_mock_image.jpg 800w,
                    /static/a68ec0a3134b8610c476cd0fa3c0cf7e/0ff54/my_mock_image.jpg 1200w,
                    /static/a68ec0a3134b8610c476cd0fa3c0cf7e/6d185/my_mock_image.jpg 1391w\\" src=\\"/static/a68ec0a3134b8610c476cd0fa3c0cf7e/2f1b1/my_mock_image.jpg\\" alt=\\"Materialize Logo\\" style=\\"position:absolute;top:0;left:0;opacity:1;width:100%;height:100%;object-fit:cover;object-position:center\\"/></picture>",
                  }
                }
              />
            </div>
            <p>
              Materialize
            </p>
          </div>
          <div
            className="col s4 m2 emotion-1"
          >
            <div
              className=" gatsby-image-wrapper"
              style={
                Object {
                  "maxHeight": "100%",
                  "overflow": "hidden",
                  "position": "relative",
                }
              }
            >
              <div
                aria-hidden={true}
                style={
                  Object {
                    "paddingBottom": "63.83896477354421%",
                    "width": "100%",
                  }
                }
              />
              <img
                alt=""
                aria-hidden={true}
                src="data:image/jpeg;base64,/9j/2wBDABALDA4MChAODQ4SERATGCgaGBYWGDEj"
                style={
                  Object {
                    "height": "100%",
                    "left": 0,
                    "objectFit": "contain",
                    "objectPosition": "center",
                    "opacity": 1,
                    "position": "absolute",
                    "top": 0,
                    "transitionDelay": "500ms",
                    "width": "100%",
                  }
                }
              />
              <picture>
                <source
                  sizes="(max-width: 800px) 100vw, 800px"
                  srcSet="/static/a68ec0a3134b8610c476cd0fa3c0cf7e/fd013/my_mock_image.jpg 200w,
                    /static/a68ec0a3134b8610c476cd0fa3c0cf7e/25252/my_mock_image.jpg 400w,
                    /static/a68ec0a3134b8610c476cd0fa3c0cf7e/2f1b1/my_mock_image.jpg 800w,
                    /static/a68ec0a3134b8610c476cd0fa3c0cf7e/0ff54/my_mock_image.jpg 1200w,
                    /static/a68ec0a3134b8610c476cd0fa3c0cf7e/6d185/my_mock_image.jpg 1391w"
                />
                <img
                  alt="Styled Components Logo"
                  loading="lazy"
                  onLoad={[Function]}
                  sizes="(max-width: 800px) 100vw, 800px"
                  src="/static/a68ec0a3134b8610c476cd0fa3c0cf7e/2f1b1/my_mock_image.jpg"
                  srcSet="/static/a68ec0a3134b8610c476cd0fa3c0cf7e/fd013/my_mock_image.jpg 200w,
                    /static/a68ec0a3134b8610c476cd0fa3c0cf7e/25252/my_mock_image.jpg 400w,
                    /static/a68ec0a3134b8610c476cd0fa3c0cf7e/2f1b1/my_mock_image.jpg 800w,
                    /static/a68ec0a3134b8610c476cd0fa3c0cf7e/0ff54/my_mock_image.jpg 1200w,
                    /static/a68ec0a3134b8610c476cd0fa3c0cf7e/6d185/my_mock_image.jpg 1391w"
                  style={
                    Object {
                      "height": "100%",
                      "left": 0,
                      "objectFit": "contain",
                      "objectPosition": "center",
                      "opacity": 0,
                      "position": "absolute",
                      "top": 0,
                      "transition": "opacity 500ms",
                      "width": "100%",
                    }
                  }
                />
              </picture>
              <noscript
                dangerouslySetInnerHTML={
                  Object {
                    "__html": "<picture><source srcset=\\"/static/a68ec0a3134b8610c476cd0fa3c0cf7e/fd013/my_mock_image.jpg 200w,
                    /static/a68ec0a3134b8610c476cd0fa3c0cf7e/25252/my_mock_image.jpg 400w,
                    /static/a68ec0a3134b8610c476cd0fa3c0cf7e/2f1b1/my_mock_image.jpg 800w,
                    /static/a68ec0a3134b8610c476cd0fa3c0cf7e/0ff54/my_mock_image.jpg 1200w,
                    /static/a68ec0a3134b8610c476cd0fa3c0cf7e/6d185/my_mock_image.jpg 1391w\\" sizes=\\"(max-width: 800px) 100vw, 800px\\" /><img loading=\\"lazy\\" sizes=\\"(max-width: 800px) 100vw, 800px\\" srcset=\\"/static/a68ec0a3134b8610c476cd0fa3c0cf7e/fd013/my_mock_image.jpg 200w,
                    /static/a68ec0a3134b8610c476cd0fa3c0cf7e/25252/my_mock_image.jpg 400w,
                    /static/a68ec0a3134b8610c476cd0fa3c0cf7e/2f1b1/my_mock_image.jpg 800w,
                    /static/a68ec0a3134b8610c476cd0fa3c0cf7e/0ff54/my_mock_image.jpg 1200w,
                    /static/a68ec0a3134b8610c476cd0fa3c0cf7e/6d185/my_mock_image.jpg 1391w\\" src=\\"/static/a68ec0a3134b8610c476cd0fa3c0cf7e/2f1b1/my_mock_image.jpg\\" alt=\\"Styled Components Logo\\" style=\\"position:absolute;top:0;left:0;opacity:1;width:100%;height:100%;object-fit:cover;object-position:center\\"/></picture>",
                  }
                }
              />
            </div>
            <p>
              Styled Components
            </p>
          </div>
        </div>
      </div>
    </div>
    <div
      className="card emotion-5"
    >
      <div
        className="card-content emotion-4"
      >
        <h4
          className="brown-text light"
        >
          Javascript
        </h4>
        <hr
          className="MuiDivider-root divider MuiDivider-middle"
        />
        <div
          className="row emotion-3"
        >
          <div
            className="col s4 m2 emotion-1"
          >
            <div
              className=" gatsby-image-wrapper"
              style={
                Object {
                  "maxHeight": "100%",
                  "overflow": "hidden",
                  "position": "relative",
                }
              }
            >
              <div
                aria-hidden={true}
                style={
                  Object {
                    "paddingBottom": "63.83896477354421%",
                    "width": "100%",
                  }
                }
              />
              <img
                alt=""
                aria-hidden={true}
                src="data:image/jpeg;base64,/9j/2wBDABALDA4MChAODQ4SERATGCgaGBYWGDEj"
                style={
                  Object {
                    "height": "100%",
                    "left": 0,
                    "objectFit": "contain",
                    "objectPosition": "center",
                    "opacity": 1,
                    "position": "absolute",
                    "top": 0,
                    "transitionDelay": "500ms",
                    "width": "100%",
                  }
                }
              />
              <picture>
                <source
                  sizes="(max-width: 800px) 100vw, 800px"
                  srcSet="/static/a68ec0a3134b8610c476cd0fa3c0cf7e/fd013/my_mock_image.jpg 200w,
                    /static/a68ec0a3134b8610c476cd0fa3c0cf7e/25252/my_mock_image.jpg 400w,
                    /static/a68ec0a3134b8610c476cd0fa3c0cf7e/2f1b1/my_mock_image.jpg 800w,
                    /static/a68ec0a3134b8610c476cd0fa3c0cf7e/0ff54/my_mock_image.jpg 1200w,
                    /static/a68ec0a3134b8610c476cd0fa3c0cf7e/6d185/my_mock_image.jpg 1391w"
                />
                <img
                  alt="React Logo"
                  loading="lazy"
                  onLoad={[Function]}
                  sizes="(max-width: 800px) 100vw, 800px"
                  src="/static/a68ec0a3134b8610c476cd0fa3c0cf7e/2f1b1/my_mock_image.jpg"
                  srcSet="/static/a68ec0a3134b8610c476cd0fa3c0cf7e/fd013/my_mock_image.jpg 200w,
                    /static/a68ec0a3134b8610c476cd0fa3c0cf7e/25252/my_mock_image.jpg 400w,
                    /static/a68ec0a3134b8610c476cd0fa3c0cf7e/2f1b1/my_mock_image.jpg 800w,
                    /static/a68ec0a3134b8610c476cd0fa3c0cf7e/0ff54/my_mock_image.jpg 1200w,
                    /static/a68ec0a3134b8610c476cd0fa3c0cf7e/6d185/my_mock_image.jpg 1391w"
                  style={
                    Object {
                      "height": "100%",
                      "left": 0,
                      "objectFit": "contain",
                      "objectPosition": "center",
                      "opacity": 0,
                      "position": "absolute",
                      "top": 0,
                      "transition": "opacity 500ms",
                      "width": "100%",
                    }
                  }
                />
              </picture>
              <noscript
                dangerouslySetInnerHTML={
                  Object {
                    "__html": "<picture><source srcset=\\"/static/a68ec0a3134b8610c476cd0fa3c0cf7e/fd013/my_mock_image.jpg 200w,
                    /static/a68ec0a3134b8610c476cd0fa3c0cf7e/25252/my_mock_image.jpg 400w,
                    /static/a68ec0a3134b8610c476cd0fa3c0cf7e/2f1b1/my_mock_image.jpg 800w,
                    /static/a68ec0a3134b8610c476cd0fa3c0cf7e/0ff54/my_mock_image.jpg 1200w,
                    /static/a68ec0a3134b8610c476cd0fa3c0cf7e/6d185/my_mock_image.jpg 1391w\\" sizes=\\"(max-width: 800px) 100vw, 800px\\" /><img loading=\\"lazy\\" sizes=\\"(max-width: 800px) 100vw, 800px\\" srcset=\\"/static/a68ec0a3134b8610c476cd0fa3c0cf7e/fd013/my_mock_image.jpg 200w,
                    /static/a68ec0a3134b8610c476cd0fa3c0cf7e/25252/my_mock_image.jpg 400w,
                    /static/a68ec0a3134b8610c476cd0fa3c0cf7e/2f1b1/my_mock_image.jpg 800w,
                    /static/a68ec0a3134b8610c476cd0fa3c0cf7e/0ff54/my_mock_image.jpg 1200w,
                    /static/a68ec0a3134b8610c476cd0fa3c0cf7e/6d185/my_mock_image.jpg 1391w\\" src=\\"/static/a68ec0a3134b8610c476cd0fa3c0cf7e/2f1b1/my_mock_image.jpg\\" alt=\\"React Logo\\" style=\\"position:absolute;top:0;left:0;opacity:1;width:100%;height:100%;object-fit:cover;object-position:center\\"/></picture>",
                  }
                }
              />
            </div>
            <p>
              React/React Native
            </p>
          </div>
          <div
            className="col s4 m2 emotion-1"
          >
            <div
              className=" gatsby-image-wrapper"
              style={
                Object {
                  "maxHeight": "100%",
                  "overflow": "hidden",
                  "position": "relative",
                }
              }
            >
              <div
                aria-hidden={true}
                style={
                  Object {
                    "paddingBottom": "63.83896477354421%",
                    "width": "100%",
                  }
                }
              />
              <img
                alt=""
                aria-hidden={true}
                src="data:image/jpeg;base64,/9j/2wBDABALDA4MChAODQ4SERATGCgaGBYWGDEj"
                style={
                  Object {
                    "height": "100%",
                    "left": 0,
                    "objectFit": "contain",
                    "objectPosition": "center",
                    "opacity": 1,
                    "position": "absolute",
                    "top": 0,
                    "transitionDelay": "500ms",
                    "width": "100%",
                  }
                }
              />
              <picture>
                <source
                  sizes="(max-width: 800px) 100vw, 800px"
                  srcSet="/static/a68ec0a3134b8610c476cd0fa3c0cf7e/fd013/my_mock_image.jpg 200w,
                    /static/a68ec0a3134b8610c476cd0fa3c0cf7e/25252/my_mock_image.jpg 400w,
                    /static/a68ec0a3134b8610c476cd0fa3c0cf7e/2f1b1/my_mock_image.jpg 800w,
                    /static/a68ec0a3134b8610c476cd0fa3c0cf7e/0ff54/my_mock_image.jpg 1200w,
                    /static/a68ec0a3134b8610c476cd0fa3c0cf7e/6d185/my_mock_image.jpg 1391w"
                />
                <img
                  alt="Typescript Logo"
                  loading="lazy"
                  onLoad={[Function]}
                  sizes="(max-width: 800px) 100vw, 800px"
                  src="/static/a68ec0a3134b8610c476cd0fa3c0cf7e/2f1b1/my_mock_image.jpg"
                  srcSet="/static/a68ec0a3134b8610c476cd0fa3c0cf7e/fd013/my_mock_image.jpg 200w,
                    /static/a68ec0a3134b8610c476cd0fa3c0cf7e/25252/my_mock_image.jpg 400w,
                    /static/a68ec0a3134b8610c476cd0fa3c0cf7e/2f1b1/my_mock_image.jpg 800w,
                    /static/a68ec0a3134b8610c476cd0fa3c0cf7e/0ff54/my_mock_image.jpg 1200w,
                    /static/a68ec0a3134b8610c476cd0fa3c0cf7e/6d185/my_mock_image.jpg 1391w"
                  style={
                    Object {
                      "height": "100%",
                      "left": 0,
                      "objectFit": "contain",
                      "objectPosition": "center",
                      "opacity": 0,
                      "position": "absolute",
                      "top": 0,
                      "transition": "opacity 500ms",
                      "width": "100%",
                    }
                  }
                />
              </picture>
              <noscript
                dangerouslySetInnerHTML={
                  Object {
                    "__html": "<picture><source srcset=\\"/static/a68ec0a3134b8610c476cd0fa3c0cf7e/fd013/my_mock_image.jpg 200w,
                    /static/a68ec0a3134b8610c476cd0fa3c0cf7e/25252/my_mock_image.jpg 400w,
                    /static/a68ec0a3134b8610c476cd0fa3c0cf7e/2f1b1/my_mock_image.jpg 800w,
                    /static/a68ec0a3134b8610c476cd0fa3c0cf7e/0ff54/my_mock_image.jpg 1200w,
                    /static/a68ec0a3134b8610c476cd0fa3c0cf7e/6d185/my_mock_image.jpg 1391w\\" sizes=\\"(max-width: 800px) 100vw, 800px\\" /><img loading=\\"lazy\\" sizes=\\"(max-width: 800px) 100vw, 800px\\" srcset=\\"/static/a68ec0a3134b8610c476cd0fa3c0cf7e/fd013/my_mock_image.jpg 200w,
                    /static/a68ec0a3134b8610c476cd0fa3c0cf7e/25252/my_mock_image.jpg 400w,
                    /static/a68ec0a3134b8610c476cd0fa3c0cf7e/2f1b1/my_mock_image.jpg 800w,
                    /static/a68ec0a3134b8610c476cd0fa3c0cf7e/0ff54/my_mock_image.jpg 1200w,
                    /static/a68ec0a3134b8610c476cd0fa3c0cf7e/6d185/my_mock_image.jpg 1391w\\" src=\\"/static/a68ec0a3134b8610c476cd0fa3c0cf7e/2f1b1/my_mock_image.jpg\\" alt=\\"Typescript Logo\\" style=\\"position:absolute;top:0;left:0;opacity:1;width:100%;height:100%;object-fit:cover;object-position:center\\"/></picture>",
                  }
                }
              />
            </div>
            <p>
              Typescript
            </p>
          </div>
          <div
            className="col s4 m2 emotion-1"
          >
            <div
              className=" gatsby-image-wrapper"
              style={
                Object {
                  "maxHeight": "100%",
                  "overflow": "hidden",
                  "position": "relative",
                }
              }
            >
              <div
                aria-hidden={true}
                style={
                  Object {
                    "paddingBottom": "63.83896477354421%",
                    "width": "100%",
                  }
                }
              />
              <img
                alt=""
                aria-hidden={true}
                src="data:image/jpeg;base64,/9j/2wBDABALDA4MChAODQ4SERATGCgaGBYWGDEj"
                style={
                  Object {
                    "height": "100%",
                    "left": 0,
                    "objectFit": "contain",
                    "objectPosition": "center",
                    "opacity": 1,
                    "position": "absolute",
                    "top": 0,
                    "transitionDelay": "500ms",
                    "width": "100%",
                  }
                }
              />
              <picture>
                <source
                  sizes="(max-width: 800px) 100vw, 800px"
                  srcSet="/static/a68ec0a3134b8610c476cd0fa3c0cf7e/fd013/my_mock_image.jpg 200w,
                    /static/a68ec0a3134b8610c476cd0fa3c0cf7e/25252/my_mock_image.jpg 400w,
                    /static/a68ec0a3134b8610c476cd0fa3c0cf7e/2f1b1/my_mock_image.jpg 800w,
                    /static/a68ec0a3134b8610c476cd0fa3c0cf7e/0ff54/my_mock_image.jpg 1200w,
                    /static/a68ec0a3134b8610c476cd0fa3c0cf7e/6d185/my_mock_image.jpg 1391w"
                />
                <img
                  alt="jQuery Logo"
                  loading="lazy"
                  onLoad={[Function]}
                  sizes="(max-width: 800px) 100vw, 800px"
                  src="/static/a68ec0a3134b8610c476cd0fa3c0cf7e/2f1b1/my_mock_image.jpg"
                  srcSet="/static/a68ec0a3134b8610c476cd0fa3c0cf7e/fd013/my_mock_image.jpg 200w,
                    /static/a68ec0a3134b8610c476cd0fa3c0cf7e/25252/my_mock_image.jpg 400w,
                    /static/a68ec0a3134b8610c476cd0fa3c0cf7e/2f1b1/my_mock_image.jpg 800w,
                    /static/a68ec0a3134b8610c476cd0fa3c0cf7e/0ff54/my_mock_image.jpg 1200w,
                    /static/a68ec0a3134b8610c476cd0fa3c0cf7e/6d185/my_mock_image.jpg 1391w"
                  style={
                    Object {
                      "height": "100%",
                      "left": 0,
                      "objectFit": "contain",
                      "objectPosition": "center",
                      "opacity": 0,
                      "position": "absolute",
                      "top": 0,
                      "transition": "opacity 500ms",
                      "width": "100%",
                    }
                  }
                />
              </picture>
              <noscript
                dangerouslySetInnerHTML={
                  Object {
                    "__html": "<picture><source srcset=\\"/static/a68ec0a3134b8610c476cd0fa3c0cf7e/fd013/my_mock_image.jpg 200w,
                    /static/a68ec0a3134b8610c476cd0fa3c0cf7e/25252/my_mock_image.jpg 400w,
                    /static/a68ec0a3134b8610c476cd0fa3c0cf7e/2f1b1/my_mock_image.jpg 800w,
                    /static/a68ec0a3134b8610c476cd0fa3c0cf7e/0ff54/my_mock_image.jpg 1200w,
                    /static/a68ec0a3134b8610c476cd0fa3c0cf7e/6d185/my_mock_image.jpg 1391w\\" sizes=\\"(max-width: 800px) 100vw, 800px\\" /><img loading=\\"lazy\\" sizes=\\"(max-width: 800px) 100vw, 800px\\" srcset=\\"/static/a68ec0a3134b8610c476cd0fa3c0cf7e/fd013/my_mock_image.jpg 200w,
                    /static/a68ec0a3134b8610c476cd0fa3c0cf7e/25252/my_mock_image.jpg 400w,
                    /static/a68ec0a3134b8610c476cd0fa3c0cf7e/2f1b1/my_mock_image.jpg 800w,
                    /static/a68ec0a3134b8610c476cd0fa3c0cf7e/0ff54/my_mock_image.jpg 1200w,
                    /static/a68ec0a3134b8610c476cd0fa3c0cf7e/6d185/my_mock_image.jpg 1391w\\" src=\\"/static/a68ec0a3134b8610c476cd0fa3c0cf7e/2f1b1/my_mock_image.jpg\\" alt=\\"jQuery Logo\\" style=\\"position:absolute;top:0;left:0;opacity:1;width:100%;height:100%;object-fit:cover;object-position:center\\"/></picture>",
                  }
                }
              />
            </div>
            <p>
              jQuery
            </p>
          </div>
          <div
            className="col s4 m2 emotion-1"
          >
            <div
              className=" gatsby-image-wrapper"
              style={
                Object {
                  "maxHeight": "100%",
                  "overflow": "hidden",
                  "position": "relative",
                }
              }
            >
              <div
                aria-hidden={true}
                style={
                  Object {
                    "paddingBottom": "63.83896477354421%",
                    "width": "100%",
                  }
                }
              />
              <img
                alt=""
                aria-hidden={true}
                src="data:image/jpeg;base64,/9j/2wBDABALDA4MChAODQ4SERATGCgaGBYWGDEj"
                style={
                  Object {
                    "height": "100%",
                    "left": 0,
                    "objectFit": "contain",
                    "objectPosition": "center",
                    "opacity": 1,
                    "position": "absolute",
                    "top": 0,
                    "transitionDelay": "500ms",
                    "width": "100%",
                  }
                }
              />
              <picture>
                <source
                  sizes="(max-width: 800px) 100vw, 800px"
                  srcSet="/static/a68ec0a3134b8610c476cd0fa3c0cf7e/fd013/my_mock_image.jpg 200w,
                    /static/a68ec0a3134b8610c476cd0fa3c0cf7e/25252/my_mock_image.jpg 400w,
                    /static/a68ec0a3134b8610c476cd0fa3c0cf7e/2f1b1/my_mock_image.jpg 800w,
                    /static/a68ec0a3134b8610c476cd0fa3c0cf7e/0ff54/my_mock_image.jpg 1200w,
                    /static/a68ec0a3134b8610c476cd0fa3c0cf7e/6d185/my_mock_image.jpg 1391w"
                />
                <img
                  alt="Node.js Logo"
                  loading="lazy"
                  onLoad={[Function]}
                  sizes="(max-width: 800px) 100vw, 800px"
                  src="/static/a68ec0a3134b8610c476cd0fa3c0cf7e/2f1b1/my_mock_image.jpg"
                  srcSet="/static/a68ec0a3134b8610c476cd0fa3c0cf7e/fd013/my_mock_image.jpg 200w,
                    /static/a68ec0a3134b8610c476cd0fa3c0cf7e/25252/my_mock_image.jpg 400w,
                    /static/a68ec0a3134b8610c476cd0fa3c0cf7e/2f1b1/my_mock_image.jpg 800w,
                    /static/a68ec0a3134b8610c476cd0fa3c0cf7e/0ff54/my_mock_image.jpg 1200w,
                    /static/a68ec0a3134b8610c476cd0fa3c0cf7e/6d185/my_mock_image.jpg 1391w"
                  style={
                    Object {
                      "height": "100%",
                      "left": 0,
                      "objectFit": "contain",
                      "objectPosition": "center",
                      "opacity": 0,
                      "position": "absolute",
                      "top": 0,
                      "transition": "opacity 500ms",
                      "width": "100%",
                    }
                  }
                />
              </picture>
              <noscript
                dangerouslySetInnerHTML={
                  Object {
                    "__html": "<picture><source srcset=\\"/static/a68ec0a3134b8610c476cd0fa3c0cf7e/fd013/my_mock_image.jpg 200w,
                    /static/a68ec0a3134b8610c476cd0fa3c0cf7e/25252/my_mock_image.jpg 400w,
                    /static/a68ec0a3134b8610c476cd0fa3c0cf7e/2f1b1/my_mock_image.jpg 800w,
                    /static/a68ec0a3134b8610c476cd0fa3c0cf7e/0ff54/my_mock_image.jpg 1200w,
                    /static/a68ec0a3134b8610c476cd0fa3c0cf7e/6d185/my_mock_image.jpg 1391w\\" sizes=\\"(max-width: 800px) 100vw, 800px\\" /><img loading=\\"lazy\\" sizes=\\"(max-width: 800px) 100vw, 800px\\" srcset=\\"/static/a68ec0a3134b8610c476cd0fa3c0cf7e/fd013/my_mock_image.jpg 200w,
                    /static/a68ec0a3134b8610c476cd0fa3c0cf7e/25252/my_mock_image.jpg 400w,
                    /static/a68ec0a3134b8610c476cd0fa3c0cf7e/2f1b1/my_mock_image.jpg 800w,
                    /static/a68ec0a3134b8610c476cd0fa3c0cf7e/0ff54/my_mock_image.jpg 1200w,
                    /static/a68ec0a3134b8610c476cd0fa3c0cf7e/6d185/my_mock_image.jpg 1391w\\" src=\\"/static/a68ec0a3134b8610c476cd0fa3c0cf7e/2f1b1/my_mock_image.jpg\\" alt=\\"Node.js Logo\\" style=\\"position:absolute;top:0;left:0;opacity:1;width:100%;height:100%;object-fit:cover;object-position:center\\"/></picture>",
                  }
                }
              />
            </div>
            <p>
              Node
            </p>
          </div>
        </div>
      </div>
    </div>
    <div
      className="card emotion-5"
    >
      <div
        className="card-content emotion-4"
      >
        <h4
          className="brown-text light"
        >
          Back-End
        </h4>
        <hr
          className="MuiDivider-root divider MuiDivider-middle"
        />
        <div
          className="row emotion-3"
        >
          <div
            className="col s4 m2 emotion-1"
          >
            <div
              className=" gatsby-image-wrapper"
              style={
                Object {
                  "maxHeight": "100%",
                  "overflow": "hidden",
                  "position": "relative",
                }
              }
            >
              <div
                aria-hidden={true}
                style={
                  Object {
                    "paddingBottom": "63.83896477354421%",
                    "width": "100%",
                  }
                }
              />
              <img
                alt=""
                aria-hidden={true}
                src="data:image/jpeg;base64,/9j/2wBDABALDA4MChAODQ4SERATGCgaGBYWGDEj"
                style={
                  Object {
                    "height": "100%",
                    "left": 0,
                    "objectFit": "contain",
                    "objectPosition": "center",
                    "opacity": 1,
                    "position": "absolute",
                    "top": 0,
                    "transitionDelay": "500ms",
                    "width": "100%",
                  }
                }
              />
              <picture>
                <source
                  sizes="(max-width: 800px) 100vw, 800px"
                  srcSet="/static/a68ec0a3134b8610c476cd0fa3c0cf7e/fd013/my_mock_image.jpg 200w,
                    /static/a68ec0a3134b8610c476cd0fa3c0cf7e/25252/my_mock_image.jpg 400w,
                    /static/a68ec0a3134b8610c476cd0fa3c0cf7e/2f1b1/my_mock_image.jpg 800w,
                    /static/a68ec0a3134b8610c476cd0fa3c0cf7e/0ff54/my_mock_image.jpg 1200w,
                    /static/a68ec0a3134b8610c476cd0fa3c0cf7e/6d185/my_mock_image.jpg 1391w"
                />
                <img
                  alt="Python Logo"
                  loading="lazy"
                  onLoad={[Function]}
                  sizes="(max-width: 800px) 100vw, 800px"
                  src="/static/a68ec0a3134b8610c476cd0fa3c0cf7e/2f1b1/my_mock_image.jpg"
                  srcSet="/static/a68ec0a3134b8610c476cd0fa3c0cf7e/fd013/my_mock_image.jpg 200w,
                    /static/a68ec0a3134b8610c476cd0fa3c0cf7e/25252/my_mock_image.jpg 400w,
                    /static/a68ec0a3134b8610c476cd0fa3c0cf7e/2f1b1/my_mock_image.jpg 800w,
                    /static/a68ec0a3134b8610c476cd0fa3c0cf7e/0ff54/my_mock_image.jpg 1200w,
                    /static/a68ec0a3134b8610c476cd0fa3c0cf7e/6d185/my_mock_image.jpg 1391w"
                  style={
                    Object {
                      "height": "100%",
                      "left": 0,
                      "objectFit": "contain",
                      "objectPosition": "center",
                      "opacity": 0,
                      "position": "absolute",
                      "top": 0,
                      "transition": "opacity 500ms",
                      "width": "100%",
                    }
                  }
                />
              </picture>
              <noscript
                dangerouslySetInnerHTML={
                  Object {
                    "__html": "<picture><source srcset=\\"/static/a68ec0a3134b8610c476cd0fa3c0cf7e/fd013/my_mock_image.jpg 200w,
                    /static/a68ec0a3134b8610c476cd0fa3c0cf7e/25252/my_mock_image.jpg 400w,
                    /static/a68ec0a3134b8610c476cd0fa3c0cf7e/2f1b1/my_mock_image.jpg 800w,
                    /static/a68ec0a3134b8610c476cd0fa3c0cf7e/0ff54/my_mock_image.jpg 1200w,
                    /static/a68ec0a3134b8610c476cd0fa3c0cf7e/6d185/my_mock_image.jpg 1391w\\" sizes=\\"(max-width: 800px) 100vw, 800px\\" /><img loading=\\"lazy\\" sizes=\\"(max-width: 800px) 100vw, 800px\\" srcset=\\"/static/a68ec0a3134b8610c476cd0fa3c0cf7e/fd013/my_mock_image.jpg 200w,
                    /static/a68ec0a3134b8610c476cd0fa3c0cf7e/25252/my_mock_image.jpg 400w,
                    /static/a68ec0a3134b8610c476cd0fa3c0cf7e/2f1b1/my_mock_image.jpg 800w,
                    /static/a68ec0a3134b8610c476cd0fa3c0cf7e/0ff54/my_mock_image.jpg 1200w,
                    /static/a68ec0a3134b8610c476cd0fa3c0cf7e/6d185/my_mock_image.jpg 1391w\\" src=\\"/static/a68ec0a3134b8610c476cd0fa3c0cf7e/2f1b1/my_mock_image.jpg\\" alt=\\"Python Logo\\" style=\\"position:absolute;top:0;left:0;opacity:1;width:100%;height:100%;object-fit:cover;object-position:center\\"/></picture>",
                  }
                }
              />
            </div>
            <p>
              Python
            </p>
          </div>
          <div
            className="col s4 m2 emotion-1"
          >
            <div
              className=" gatsby-image-wrapper"
              style={
                Object {
                  "maxHeight": "100%",
                  "overflow": "hidden",
                  "position": "relative",
                }
              }
            >
              <div
                aria-hidden={true}
                style={
                  Object {
                    "paddingBottom": "63.83896477354421%",
                    "width": "100%",
                  }
                }
              />
              <img
                alt=""
                aria-hidden={true}
                src="data:image/jpeg;base64,/9j/2wBDABALDA4MChAODQ4SERATGCgaGBYWGDEj"
                style={
                  Object {
                    "height": "100%",
                    "left": 0,
                    "objectFit": "contain",
                    "objectPosition": "center",
                    "opacity": 1,
                    "position": "absolute",
                    "top": 0,
                    "transitionDelay": "500ms",
                    "width": "100%",
                  }
                }
              />
              <picture>
                <source
                  sizes="(max-width: 800px) 100vw, 800px"
                  srcSet="/static/a68ec0a3134b8610c476cd0fa3c0cf7e/fd013/my_mock_image.jpg 200w,
                    /static/a68ec0a3134b8610c476cd0fa3c0cf7e/25252/my_mock_image.jpg 400w,
                    /static/a68ec0a3134b8610c476cd0fa3c0cf7e/2f1b1/my_mock_image.jpg 800w,
                    /static/a68ec0a3134b8610c476cd0fa3c0cf7e/0ff54/my_mock_image.jpg 1200w,
                    /static/a68ec0a3134b8610c476cd0fa3c0cf7e/6d185/my_mock_image.jpg 1391w"
                />
                <img
                  alt="Golang Logo"
                  loading="lazy"
                  onLoad={[Function]}
                  sizes="(max-width: 800px) 100vw, 800px"
                  src="/static/a68ec0a3134b8610c476cd0fa3c0cf7e/2f1b1/my_mock_image.jpg"
                  srcSet="/static/a68ec0a3134b8610c476cd0fa3c0cf7e/fd013/my_mock_image.jpg 200w,
                    /static/a68ec0a3134b8610c476cd0fa3c0cf7e/25252/my_mock_image.jpg 400w,
                    /static/a68ec0a3134b8610c476cd0fa3c0cf7e/2f1b1/my_mock_image.jpg 800w,
                    /static/a68ec0a3134b8610c476cd0fa3c0cf7e/0ff54/my_mock_image.jpg 1200w,
                    /static/a68ec0a3134b8610c476cd0fa3c0cf7e/6d185/my_mock_image.jpg 1391w"
                  style={
                    Object {
                      "height": "100%",
                      "left": 0,
                      "objectFit": "contain",
                      "objectPosition": "center",
                      "opacity": 0,
                      "position": "absolute",
                      "top": 0,
                      "transition": "opacity 500ms",
                      "width": "100%",
                    }
                  }
                />
              </picture>
              <noscript
                dangerouslySetInnerHTML={
                  Object {
                    "__html": "<picture><source srcset=\\"/static/a68ec0a3134b8610c476cd0fa3c0cf7e/fd013/my_mock_image.jpg 200w,
                    /static/a68ec0a3134b8610c476cd0fa3c0cf7e/25252/my_mock_image.jpg 400w,
                    /static/a68ec0a3134b8610c476cd0fa3c0cf7e/2f1b1/my_mock_image.jpg 800w,
                    /static/a68ec0a3134b8610c476cd0fa3c0cf7e/0ff54/my_mock_image.jpg 1200w,
                    /static/a68ec0a3134b8610c476cd0fa3c0cf7e/6d185/my_mock_image.jpg 1391w\\" sizes=\\"(max-width: 800px) 100vw, 800px\\" /><img loading=\\"lazy\\" sizes=\\"(max-width: 800px) 100vw, 800px\\" srcset=\\"/static/a68ec0a3134b8610c476cd0fa3c0cf7e/fd013/my_mock_image.jpg 200w,
                    /static/a68ec0a3134b8610c476cd0fa3c0cf7e/25252/my_mock_image.jpg 400w,
                    /static/a68ec0a3134b8610c476cd0fa3c0cf7e/2f1b1/my_mock_image.jpg 800w,
                    /static/a68ec0a3134b8610c476cd0fa3c0cf7e/0ff54/my_mock_image.jpg 1200w,
                    /static/a68ec0a3134b8610c476cd0fa3c0cf7e/6d185/my_mock_image.jpg 1391w\\" src=\\"/static/a68ec0a3134b8610c476cd0fa3c0cf7e/2f1b1/my_mock_image.jpg\\" alt=\\"Golang Logo\\" style=\\"position:absolute;top:0;left:0;opacity:1;width:100%;height:100%;object-fit:cover;object-position:center\\"/></picture>",
                  }
                }
              />
            </div>
            <p>
              Go
            </p>
          </div>
          <div
            className="col s4 m2 emotion-1"
          >
            <div
              className=" gatsby-image-wrapper"
              style={
                Object {
                  "maxHeight": "100%",
                  "overflow": "hidden",
                  "position": "relative",
                }
              }
            >
              <div
                aria-hidden={true}
                style={
                  Object {
                    "paddingBottom": "63.83896477354421%",
                    "width": "100%",
                  }
                }
              />
              <img
                alt=""
                aria-hidden={true}
                src="data:image/jpeg;base64,/9j/2wBDABALDA4MChAODQ4SERATGCgaGBYWGDEj"
                style={
                  Object {
                    "height": "100%",
                    "left": 0,
                    "objectFit": "contain",
                    "objectPosition": "center",
                    "opacity": 1,
                    "position": "absolute",
                    "top": 0,
                    "transitionDelay": "500ms",
                    "width": "100%",
                  }
                }
              />
              <picture>
                <source
                  sizes="(max-width: 800px) 100vw, 800px"
                  srcSet="/static/a68ec0a3134b8610c476cd0fa3c0cf7e/fd013/my_mock_image.jpg 200w,
                    /static/a68ec0a3134b8610c476cd0fa3c0cf7e/25252/my_mock_image.jpg 400w,
                    /static/a68ec0a3134b8610c476cd0fa3c0cf7e/2f1b1/my_mock_image.jpg 800w,
                    /static/a68ec0a3134b8610c476cd0fa3c0cf7e/0ff54/my_mock_image.jpg 1200w,
                    /static/a68ec0a3134b8610c476cd0fa3c0cf7e/6d185/my_mock_image.jpg 1391w"
                />
                <img
                  alt="Java Logo"
                  loading="lazy"
                  onLoad={[Function]}
                  sizes="(max-width: 800px) 100vw, 800px"
                  src="/static/a68ec0a3134b8610c476cd0fa3c0cf7e/2f1b1/my_mock_image.jpg"
                  srcSet="/static/a68ec0a3134b8610c476cd0fa3c0cf7e/fd013/my_mock_image.jpg 200w,
                    /static/a68ec0a3134b8610c476cd0fa3c0cf7e/25252/my_mock_image.jpg 400w,
                    /static/a68ec0a3134b8610c476cd0fa3c0cf7e/2f1b1/my_mock_image.jpg 800w,
                    /static/a68ec0a3134b8610c476cd0fa3c0cf7e/0ff54/my_mock_image.jpg 1200w,
                    /static/a68ec0a3134b8610c476cd0fa3c0cf7e/6d185/my_mock_image.jpg 1391w"
                  style={
                    Object {
                      "height": "100%",
                      "left": 0,
                      "objectFit": "contain",
                      "objectPosition": "center",
                      "opacity": 0,
                      "position": "absolute",
                      "top": 0,
                      "transition": "opacity 500ms",
                      "width": "100%",
                    }
                  }
                />
              </picture>
              <noscript
                dangerouslySetInnerHTML={
                  Object {
                    "__html": "<picture><source srcset=\\"/static/a68ec0a3134b8610c476cd0fa3c0cf7e/fd013/my_mock_image.jpg 200w,
                    /static/a68ec0a3134b8610c476cd0fa3c0cf7e/25252/my_mock_image.jpg 400w,
                    /static/a68ec0a3134b8610c476cd0fa3c0cf7e/2f1b1/my_mock_image.jpg 800w,
                    /static/a68ec0a3134b8610c476cd0fa3c0cf7e/0ff54/my_mock_image.jpg 1200w,
                    /static/a68ec0a3134b8610c476cd0fa3c0cf7e/6d185/my_mock_image.jpg 1391w\\" sizes=\\"(max-width: 800px) 100vw, 800px\\" /><img loading=\\"lazy\\" sizes=\\"(max-width: 800px) 100vw, 800px\\" srcset=\\"/static/a68ec0a3134b8610c476cd0fa3c0cf7e/fd013/my_mock_image.jpg 200w,
                    /static/a68ec0a3134b8610c476cd0fa3c0cf7e/25252/my_mock_image.jpg 400w,
                    /static/a68ec0a3134b8610c476cd0fa3c0cf7e/2f1b1/my_mock_image.jpg 800w,
                    /static/a68ec0a3134b8610c476cd0fa3c0cf7e/0ff54/my_mock_image.jpg 1200w,
                    /static/a68ec0a3134b8610c476cd0fa3c0cf7e/6d185/my_mock_image.jpg 1391w\\" src=\\"/static/a68ec0a3134b8610c476cd0fa3c0cf7e/2f1b1/my_mock_image.jpg\\" alt=\\"Java Logo\\" style=\\"position:absolute;top:0;left:0;opacity:1;width:100%;height:100%;object-fit:cover;object-position:center\\"/></picture>",
                  }
                }
              />
            </div>
            <p>
              Java
            </p>
          </div>
          <div
            className="col s4 m2 emotion-1"
          >
            <div
              className=" gatsby-image-wrapper"
              style={
                Object {
                  "maxHeight": "100%",
                  "overflow": "hidden",
                  "position": "relative",
                }
              }
            >
              <div
                aria-hidden={true}
                style={
                  Object {
                    "paddingBottom": "63.83896477354421%",
                    "width": "100%",
                  }
                }
              />
              <img
                alt=""
                aria-hidden={true}
                src="data:image/jpeg;base64,/9j/2wBDABALDA4MChAODQ4SERATGCgaGBYWGDEj"
                style={
                  Object {
                    "height": "100%",
                    "left": 0,
                    "objectFit": "contain",
                    "objectPosition": "center",
                    "opacity": 1,
                    "position": "absolute",
                    "top": 0,
                    "transitionDelay": "500ms",
                    "width": "100%",
                  }
                }
              />
              <picture>
                <source
                  sizes="(max-width: 800px) 100vw, 800px"
                  srcSet="/static/a68ec0a3134b8610c476cd0fa3c0cf7e/fd013/my_mock_image.jpg 200w,
                    /static/a68ec0a3134b8610c476cd0fa3c0cf7e/25252/my_mock_image.jpg 400w,
                    /static/a68ec0a3134b8610c476cd0fa3c0cf7e/2f1b1/my_mock_image.jpg 800w,
                    /static/a68ec0a3134b8610c476cd0fa3c0cf7e/0ff54/my_mock_image.jpg 1200w,
                    /static/a68ec0a3134b8610c476cd0fa3c0cf7e/6d185/my_mock_image.jpg 1391w"
                />
                <img
                  alt="MySQL Logo"
                  loading="lazy"
                  onLoad={[Function]}
                  sizes="(max-width: 800px) 100vw, 800px"
                  src="/static/a68ec0a3134b8610c476cd0fa3c0cf7e/2f1b1/my_mock_image.jpg"
                  srcSet="/static/a68ec0a3134b8610c476cd0fa3c0cf7e/fd013/my_mock_image.jpg 200w,
                    /static/a68ec0a3134b8610c476cd0fa3c0cf7e/25252/my_mock_image.jpg 400w,
                    /static/a68ec0a3134b8610c476cd0fa3c0cf7e/2f1b1/my_mock_image.jpg 800w,
                    /static/a68ec0a3134b8610c476cd0fa3c0cf7e/0ff54/my_mock_image.jpg 1200w,
                    /static/a68ec0a3134b8610c476cd0fa3c0cf7e/6d185/my_mock_image.jpg 1391w"
                  style={
                    Object {
                      "height": "100%",
                      "left": 0,
                      "objectFit": "contain",
                      "objectPosition": "center",
                      "opacity": 0,
                      "position": "absolute",
                      "top": 0,
                      "transition": "opacity 500ms",
                      "width": "100%",
                    }
                  }
                />
              </picture>
              <noscript
                dangerouslySetInnerHTML={
                  Object {
                    "__html": "<picture><source srcset=\\"/static/a68ec0a3134b8610c476cd0fa3c0cf7e/fd013/my_mock_image.jpg 200w,
                    /static/a68ec0a3134b8610c476cd0fa3c0cf7e/25252/my_mock_image.jpg 400w,
                    /static/a68ec0a3134b8610c476cd0fa3c0cf7e/2f1b1/my_mock_image.jpg 800w,
                    /static/a68ec0a3134b8610c476cd0fa3c0cf7e/0ff54/my_mock_image.jpg 1200w,
                    /static/a68ec0a3134b8610c476cd0fa3c0cf7e/6d185/my_mock_image.jpg 1391w\\" sizes=\\"(max-width: 800px) 100vw, 800px\\" /><img loading=\\"lazy\\" sizes=\\"(max-width: 800px) 100vw, 800px\\" srcset=\\"/static/a68ec0a3134b8610c476cd0fa3c0cf7e/fd013/my_mock_image.jpg 200w,
                    /static/a68ec0a3134b8610c476cd0fa3c0cf7e/25252/my_mock_image.jpg 400w,
                    /static/a68ec0a3134b8610c476cd0fa3c0cf7e/2f1b1/my_mock_image.jpg 800w,
                    /static/a68ec0a3134b8610c476cd0fa3c0cf7e/0ff54/my_mock_image.jpg 1200w,
                    /static/a68ec0a3134b8610c476cd0fa3c0cf7e/6d185/my_mock_image.jpg 1391w\\" src=\\"/static/a68ec0a3134b8610c476cd0fa3c0cf7e/2f1b1/my_mock_image.jpg\\" alt=\\"MySQL Logo\\" style=\\"position:absolute;top:0;left:0;opacity:1;width:100%;height:100%;object-fit:cover;object-position:center\\"/></picture>",
                  }
                }
              />
            </div>
            <p>
              MySQL
            </p>
          </div>
          <div
            className="col s4 m2 emotion-1"
          >
            <div
              className=" gatsby-image-wrapper"
              style={
                Object {
                  "maxHeight": "100%",
                  "overflow": "hidden",
                  "position": "relative",
                }
              }
            >
              <div
                aria-hidden={true}
                style={
                  Object {
                    "paddingBottom": "63.83896477354421%",
                    "width": "100%",
                  }
                }
              />
              <img
                alt=""
                aria-hidden={true}
                src="data:image/jpeg;base64,/9j/2wBDABALDA4MChAODQ4SERATGCgaGBYWGDEj"
                style={
                  Object {
                    "height": "100%",
                    "left": 0,
                    "objectFit": "contain",
                    "objectPosition": "center",
                    "opacity": 1,
                    "position": "absolute",
                    "top": 0,
                    "transitionDelay": "500ms",
                    "width": "100%",
                  }
                }
              />
              <picture>
                <source
                  sizes="(max-width: 800px) 100vw, 800px"
                  srcSet="/static/a68ec0a3134b8610c476cd0fa3c0cf7e/fd013/my_mock_image.jpg 200w,
                    /static/a68ec0a3134b8610c476cd0fa3c0cf7e/25252/my_mock_image.jpg 400w,
                    /static/a68ec0a3134b8610c476cd0fa3c0cf7e/2f1b1/my_mock_image.jpg 800w,
                    /static/a68ec0a3134b8610c476cd0fa3c0cf7e/0ff54/my_mock_image.jpg 1200w,
                    /static/a68ec0a3134b8610c476cd0fa3c0cf7e/6d185/my_mock_image.jpg 1391w"
                />
                <img
                  alt="Oracle Logo"
                  loading="lazy"
                  onLoad={[Function]}
                  sizes="(max-width: 800px) 100vw, 800px"
                  src="/static/a68ec0a3134b8610c476cd0fa3c0cf7e/2f1b1/my_mock_image.jpg"
                  srcSet="/static/a68ec0a3134b8610c476cd0fa3c0cf7e/fd013/my_mock_image.jpg 200w,
                    /static/a68ec0a3134b8610c476cd0fa3c0cf7e/25252/my_mock_image.jpg 400w,
                    /static/a68ec0a3134b8610c476cd0fa3c0cf7e/2f1b1/my_mock_image.jpg 800w,
                    /static/a68ec0a3134b8610c476cd0fa3c0cf7e/0ff54/my_mock_image.jpg 1200w,
                    /static/a68ec0a3134b8610c476cd0fa3c0cf7e/6d185/my_mock_image.jpg 1391w"
                  style={
                    Object {
                      "height": "100%",
                      "left": 0,
                      "objectFit": "contain",
                      "objectPosition": "center",
                      "opacity": 0,
                      "position": "absolute",
                      "top": 0,
                      "transition": "opacity 500ms",
                      "width": "100%",
                    }
                  }
                />
              </picture>
              <noscript
                dangerouslySetInnerHTML={
                  Object {
                    "__html": "<picture><source srcset=\\"/static/a68ec0a3134b8610c476cd0fa3c0cf7e/fd013/my_mock_image.jpg 200w,
                    /static/a68ec0a3134b8610c476cd0fa3c0cf7e/25252/my_mock_image.jpg 400w,
                    /static/a68ec0a3134b8610c476cd0fa3c0cf7e/2f1b1/my_mock_image.jpg 800w,
                    /static/a68ec0a3134b8610c476cd0fa3c0cf7e/0ff54/my_mock_image.jpg 1200w,
                    /static/a68ec0a3134b8610c476cd0fa3c0cf7e/6d185/my_mock_image.jpg 1391w\\" sizes=\\"(max-width: 800px) 100vw, 800px\\" /><img loading=\\"lazy\\" sizes=\\"(max-width: 800px) 100vw, 800px\\" srcset=\\"/static/a68ec0a3134b8610c476cd0fa3c0cf7e/fd013/my_mock_image.jpg 200w,
                    /static/a68ec0a3134b8610c476cd0fa3c0cf7e/25252/my_mock_image.jpg 400w,
                    /static/a68ec0a3134b8610c476cd0fa3c0cf7e/2f1b1/my_mock_image.jpg 800w,
                    /static/a68ec0a3134b8610c476cd0fa3c0cf7e/0ff54/my_mock_image.jpg 1200w,
                    /static/a68ec0a3134b8610c476cd0fa3c0cf7e/6d185/my_mock_image.jpg 1391w\\" src=\\"/static/a68ec0a3134b8610c476cd0fa3c0cf7e/2f1b1/my_mock_image.jpg\\" alt=\\"Oracle Logo\\" style=\\"position:absolute;top:0;left:0;opacity:1;width:100%;height:100%;object-fit:cover;object-position:center\\"/></picture>",
                  }
                }
              />
            </div>
            <p>
              Oracle
            </p>
          </div>
        </div>
      </div>
    </div>
    <div
      className="card emotion-5"
    >
      <div
        className="card-content emotion-4"
      >
        <h4
          className="brown-text light"
        >
          Cloud
        </h4>
        <hr
          className="MuiDivider-root divider MuiDivider-middle"
        />
        <div
          className="row emotion-3"
        >
          <div
            className="col s4 m2 emotion-1"
          >
            <div
              className=" gatsby-image-wrapper"
              style={
                Object {
                  "maxHeight": "100%",
                  "overflow": "hidden",
                  "position": "relative",
                }
              }
            >
              <div
                aria-hidden={true}
                style={
                  Object {
                    "paddingBottom": "63.83896477354421%",
                    "width": "100%",
                  }
                }
              />
              <img
                alt=""
                aria-hidden={true}
                src="data:image/jpeg;base64,/9j/2wBDABALDA4MChAODQ4SERATGCgaGBYWGDEj"
                style={
                  Object {
                    "height": "100%",
                    "left": 0,
                    "objectFit": "contain",
                    "objectPosition": "center",
                    "opacity": 1,
                    "position": "absolute",
                    "top": 0,
                    "transitionDelay": "500ms",
                    "width": "100%",
                  }
                }
              />
              <picture>
                <source
                  sizes="(max-width: 800px) 100vw, 800px"
                  srcSet="/static/a68ec0a3134b8610c476cd0fa3c0cf7e/fd013/my_mock_image.jpg 200w,
                    /static/a68ec0a3134b8610c476cd0fa3c0cf7e/25252/my_mock_image.jpg 400w,
                    /static/a68ec0a3134b8610c476cd0fa3c0cf7e/2f1b1/my_mock_image.jpg 800w,
                    /static/a68ec0a3134b8610c476cd0fa3c0cf7e/0ff54/my_mock_image.jpg 1200w,
                    /static/a68ec0a3134b8610c476cd0fa3c0cf7e/6d185/my_mock_image.jpg 1391w"
                />
                <img
                  alt="AWS Logo"
                  loading="lazy"
                  onLoad={[Function]}
                  sizes="(max-width: 800px) 100vw, 800px"
                  src="/static/a68ec0a3134b8610c476cd0fa3c0cf7e/2f1b1/my_mock_image.jpg"
                  srcSet="/static/a68ec0a3134b8610c476cd0fa3c0cf7e/fd013/my_mock_image.jpg 200w,
                    /static/a68ec0a3134b8610c476cd0fa3c0cf7e/25252/my_mock_image.jpg 400w,
                    /static/a68ec0a3134b8610c476cd0fa3c0cf7e/2f1b1/my_mock_image.jpg 800w,
                    /static/a68ec0a3134b8610c476cd0fa3c0cf7e/0ff54/my_mock_image.jpg 1200w,
                    /static/a68ec0a3134b8610c476cd0fa3c0cf7e/6d185/my_mock_image.jpg 1391w"
                  style={
                    Object {
                      "height": "100%",
                      "left": 0,
                      "objectFit": "contain",
                      "objectPosition": "center",
                      "opacity": 0,
                      "position": "absolute",
                      "top": 0,
                      "transition": "opacity 500ms",
                      "width": "100%",
                    }
                  }
                />
              </picture>
              <noscript
                dangerouslySetInnerHTML={
                  Object {
                    "__html": "<picture><source srcset=\\"/static/a68ec0a3134b8610c476cd0fa3c0cf7e/fd013/my_mock_image.jpg 200w,
                    /static/a68ec0a3134b8610c476cd0fa3c0cf7e/25252/my_mock_image.jpg 400w,
                    /static/a68ec0a3134b8610c476cd0fa3c0cf7e/2f1b1/my_mock_image.jpg 800w,
                    /static/a68ec0a3134b8610c476cd0fa3c0cf7e/0ff54/my_mock_image.jpg 1200w,
                    /static/a68ec0a3134b8610c476cd0fa3c0cf7e/6d185/my_mock_image.jpg 1391w\\" sizes=\\"(max-width: 800px) 100vw, 800px\\" /><img loading=\\"lazy\\" sizes=\\"(max-width: 800px) 100vw, 800px\\" srcset=\\"/static/a68ec0a3134b8610c476cd0fa3c0cf7e/fd013/my_mock_image.jpg 200w,
                    /static/a68ec0a3134b8610c476cd0fa3c0cf7e/25252/my_mock_image.jpg 400w,
                    /static/a68ec0a3134b8610c476cd0fa3c0cf7e/2f1b1/my_mock_image.jpg 800w,
                    /static/a68ec0a3134b8610c476cd0fa3c0cf7e/0ff54/my_mock_image.jpg 1200w,
                    /static/a68ec0a3134b8610c476cd0fa3c0cf7e/6d185/my_mock_image.jpg 1391w\\" src=\\"/static/a68ec0a3134b8610c476cd0fa3c0cf7e/2f1b1/my_mock_image.jpg\\" alt=\\"AWS Logo\\" style=\\"position:absolute;top:0;left:0;opacity:1;width:100%;height:100%;object-fit:cover;object-position:center\\"/></picture>",
                  }
                }
              />
            </div>
            <p>
              AWS
            </p>
          </div>
        </div>
      </div>
    </div>
  </div>
</section>
`;
