// Jest Snapshot v1, https://goo.gl/fbAQLP

exports[`Skills renders correctly 1`] = `
.emotion-0 {
  font-family: Roboto,sans-serif;
  margin: 0 auto;
  background-color: rgb(0,128,115);
  font-weight: 100;
  padding: 30px 40px;
  margin-bottom: 60px;
  text-transform: uppercase;
}

@media (max-width:992px) {
  .emotion-0 {
    padding: 20px 30px;
    margin-bottom: 40px;
  }
}

.emotion-33 {
  width: 95%;
  font-family: Roboto,sans-serif;
  font-weight: 300;
  padding: 0 24px;
  max-width: 1280px;
}

@media (min-width:1200px) {
  .emotion-33 {
    width: px;
  }
}

.emotion-5 {
  margin-bottom: 60px;
}

.emotion-4 {
  padding: 20px 20px 60px 20px !important;
}

.emotion-4 .divider {
  margin: 0;
}

.emotion-4 h4 {
  padding-bottom: 15px;
}

.emotion-3 {
  text-align: center;
  margin-left: -0.75rem;
  margin-right: -0.75rem;
}

.emotion-1 {
  font-size: 16px;
  font-weight: 400;
  position: relative;
  text-align: center;
  margin-top: 30px;
  max-height: 100px;
  height: 90px;
}

@media (max-width:768px) {
  .emotion-1 {
    margin-bottom: 20px;
  }
}

.emotion-1 p {
  padding-top: 15px;
}

@media (max-width:1024px) {
  .emotion-1 .sass {
    padding-top: 30px;
  }
}

.emotion-0 {
  font-family: Roboto,sans-serif;
  margin: 0 auto;
  background-color: rgb(0,128,115);
  font-weight: 100;
  padding: 30px 40px;
  margin-bottom: 60px;
  text-transform: uppercase;
}

@media (max-width:992px) {
  .emotion-0 {
    padding: 20px 30px;
    margin-bottom: 40px;
  }
}

.emotion-33 {
  width: 95%;
  font-family: Roboto,sans-serif;
  font-weight: 300;
  padding: 0 24px;
  max-width: 1280px;
}

@media (min-width:1200px) {
  .emotion-33 {
    width: px;
  }
}

.emotion-5 {
  margin-bottom: 60px;
}

.emotion-4 {
  padding: 20px 20px 60px 20px !important;
}

.emotion-4 .divider {
  margin: 0;
}

.emotion-4 h4 {
  padding-bottom: 15px;
}

.emotion-3 {
  text-align: center;
  margin-left: -0.75rem;
  margin-right: -0.75rem;
}

.emotion-1 {
  font-size: 16px;
  font-weight: 400;
  position: relative;
  text-align: center;
  margin-top: 30px;
  max-height: 100px;
  height: 90px;
}

@media (max-width:768px) {
  .emotion-1 {
    margin-bottom: 20px;
  }
}

.emotion-1 p {
  padding-top: 15px;
}

@media (max-width:1024px) {
  .emotion-1 .sass {
    padding-top: 30px;
  }
}

<section
  className="section scrollspy"
  id="skills"
>
  <h3
    className="page-title white-text emotion-0"
  >
    Skills
  </h3>
  <div
    className="container emotion-33"
  >
    <div
      className="card emotion-5"
    >
      <div
        className="card-content emotion-4"
      >
        <h4
          className="brown-text light"
        >
          HTML
        </h4>
        <hr
          className="MuiDivider-root divider MuiDivider-middle"
        />
        <div
          className="row emotion-3"
        >
          <div
            className="col s4 m2 emotion-1"
          >
            <div
              className=" gatsby-image-wrapper"
              style={
                Object {
                  "maxHeight": "100%",
                  "overflow": "hidden",
                  "position": "relative",
                }
              }
            >
              <div
                aria-hidden={true}
                style={
                  Object {
                    "paddingBottom": "63.83896477354421%",
                    "width": "100%",
                  }
                }
              />
              <img
                alt=""
                aria-hidden={true}
                src="data:image/jpeg;base64,/9j/2wBDABALDA4MChAODQ4SERATGCgaGBYWGDEj"
                style={
                  Object {
                    "height": "100%",
                    "left": 0,
                    "objectFit": "contain",
                    "objectPosition": "center",
                    "opacity": 1,
                    "position": "absolute",
                    "top": 0,
                    "transitionDelay": "500ms",
                    "width": "100%",
                  }
                }
              />
              <picture>
                <source
                  sizes="(max-width: 800px) 100vw, 800px"
                  srcSet="/static/a68ec0a3134b8610c476cd0fa3c0cf7e/fd013/html.jpg 200w,
						  /static/a68ec0a3134b8610c476cd0fa3c0cf7e/25252/html.jpg 400w,
						  /static/a68ec0a3134b8610c476cd0fa3c0cf7e/2f1b1/html.jpg 800w,
						  /static/a68ec0a3134b8610c476cd0fa3c0cf7e/0ff54/html.jpg 1200w,
						  /static/a68ec0a3134b8610c476cd0fa3c0cf7e/6d185/html.jpg 1391w"
                />
                <img
                  alt="HTML5 Logo"
                  loading="lazy"
                  onLoad={[Function]}
                  sizes="(max-width: 800px) 100vw, 800px"
                  src="/static/a68ec0a3134b8610c476cd0fa3c0cf7e/2f1b1/html.jpg"
                  srcSet="/static/a68ec0a3134b8610c476cd0fa3c0cf7e/fd013/html.jpg 200w,
						  /static/a68ec0a3134b8610c476cd0fa3c0cf7e/25252/html.jpg 400w,
						  /static/a68ec0a3134b8610c476cd0fa3c0cf7e/2f1b1/html.jpg 800w,
						  /static/a68ec0a3134b8610c476cd0fa3c0cf7e/0ff54/html.jpg 1200w,
						  /static/a68ec0a3134b8610c476cd0fa3c0cf7e/6d185/html.jpg 1391w"
                  style={
                    Object {
                      "height": "100%",
                      "left": 0,
                      "objectFit": "contain",
                      "objectPosition": "center",
                      "opacity": 0,
                      "position": "absolute",
                      "top": 0,
                      "transition": "opacity 500ms",
                      "width": "100%",
                    }
                  }
                />
              </picture>
              <noscript
                dangerouslySetInnerHTML={
                  Object {
                    "__html": "<picture><source srcset=\\"/static/a68ec0a3134b8610c476cd0fa3c0cf7e/fd013/html.jpg 200w,
						  /static/a68ec0a3134b8610c476cd0fa3c0cf7e/25252/html.jpg 400w,
						  /static/a68ec0a3134b8610c476cd0fa3c0cf7e/2f1b1/html.jpg 800w,
						  /static/a68ec0a3134b8610c476cd0fa3c0cf7e/0ff54/html.jpg 1200w,
						  /static/a68ec0a3134b8610c476cd0fa3c0cf7e/6d185/html.jpg 1391w\\" sizes=\\"(max-width: 800px) 100vw, 800px\\" /><img loading=\\"lazy\\" sizes=\\"(max-width: 800px) 100vw, 800px\\" srcset=\\"/static/a68ec0a3134b8610c476cd0fa3c0cf7e/fd013/html.jpg 200w,
						  /static/a68ec0a3134b8610c476cd0fa3c0cf7e/25252/html.jpg 400w,
						  /static/a68ec0a3134b8610c476cd0fa3c0cf7e/2f1b1/html.jpg 800w,
						  /static/a68ec0a3134b8610c476cd0fa3c0cf7e/0ff54/html.jpg 1200w,
						  /static/a68ec0a3134b8610c476cd0fa3c0cf7e/6d185/html.jpg 1391w\\" src=\\"/static/a68ec0a3134b8610c476cd0fa3c0cf7e/2f1b1/html.jpg\\" alt=\\"HTML5 Logo\\" style=\\"position:absolute;top:0;left:0;opacity:1;width:100%;height:100%;object-fit:cover;object-position:center\\"/></picture>",
                  }
                }
              />
            </div>
            <p>
              HTML5
            </p>
          </div>
          <div
            className="col s4 m2 emotion-1"
          >
            <div
              className=" gatsby-image-wrapper"
              style={
                Object {
                  "maxHeight": "100%",
                  "overflow": "hidden",
                  "position": "relative",
                }
              }
            >
              <div
                aria-hidden={true}
                style={
                  Object {
                    "paddingBottom": "63.83896477354421%",
                    "width": "100%",
                  }
                }
              />
              <img
                alt=""
                aria-hidden={true}
                src="data:image/jpeg;base64,/9j/2wBDABALDA4MChAODQ4SERATGCgaGBYWGDEj"
                style={
                  Object {
                    "height": "100%",
                    "left": 0,
                    "objectFit": "contain",
                    "objectPosition": "center",
                    "opacity": 1,
                    "position": "absolute",
                    "top": 0,
                    "transitionDelay": "500ms",
                    "width": "100%",
                  }
                }
              />
              <picture>
                <source
                  sizes="(max-width: 800px) 100vw, 800px"
                  srcSet="/static/a68ec0a3134b8610c476cd0fa3c0cf7e/fd013/react.jpg 200w,
						  /static/a68ec0a3134b8610c476cd0fa3c0cf7e/25252/react.jpg 400w,
						  /static/a68ec0a3134b8610c476cd0fa3c0cf7e/2f1b1/react.jpg 800w,
						  /static/a68ec0a3134b8610c476cd0fa3c0cf7e/0ff54/react.jpg 1200w,
						  /static/a68ec0a3134b8610c476cd0fa3c0cf7e/6d185/react.jpg 1391w"
                />
                <img
                  alt="React Logo"
                  loading="lazy"
                  onLoad={[Function]}
                  sizes="(max-width: 800px) 100vw, 800px"
                  src="/static/a68ec0a3134b8610c476cd0fa3c0cf7e/2f1b1/react.jpg"
                  srcSet="/static/a68ec0a3134b8610c476cd0fa3c0cf7e/fd013/react.jpg 200w,
						  /static/a68ec0a3134b8610c476cd0fa3c0cf7e/25252/react.jpg 400w,
						  /static/a68ec0a3134b8610c476cd0fa3c0cf7e/2f1b1/react.jpg 800w,
						  /static/a68ec0a3134b8610c476cd0fa3c0cf7e/0ff54/react.jpg 1200w,
						  /static/a68ec0a3134b8610c476cd0fa3c0cf7e/6d185/react.jpg 1391w"
                  style={
                    Object {
                      "height": "100%",
                      "left": 0,
                      "objectFit": "contain",
                      "objectPosition": "center",
                      "opacity": 0,
                      "position": "absolute",
                      "top": 0,
                      "transition": "opacity 500ms",
                      "width": "100%",
                    }
                  }
                />
              </picture>
              <noscript
                dangerouslySetInnerHTML={
                  Object {
                    "__html": "<picture><source srcset=\\"/static/a68ec0a3134b8610c476cd0fa3c0cf7e/fd013/react.jpg 200w,
						  /static/a68ec0a3134b8610c476cd0fa3c0cf7e/25252/react.jpg 400w,
						  /static/a68ec0a3134b8610c476cd0fa3c0cf7e/2f1b1/react.jpg 800w,
						  /static/a68ec0a3134b8610c476cd0fa3c0cf7e/0ff54/react.jpg 1200w,
						  /static/a68ec0a3134b8610c476cd0fa3c0cf7e/6d185/react.jpg 1391w\\" sizes=\\"(max-width: 800px) 100vw, 800px\\" /><img loading=\\"lazy\\" sizes=\\"(max-width: 800px) 100vw, 800px\\" srcset=\\"/static/a68ec0a3134b8610c476cd0fa3c0cf7e/fd013/react.jpg 200w,
						  /static/a68ec0a3134b8610c476cd0fa3c0cf7e/25252/react.jpg 400w,
						  /static/a68ec0a3134b8610c476cd0fa3c0cf7e/2f1b1/react.jpg 800w,
						  /static/a68ec0a3134b8610c476cd0fa3c0cf7e/0ff54/react.jpg 1200w,
						  /static/a68ec0a3134b8610c476cd0fa3c0cf7e/6d185/react.jpg 1391w\\" src=\\"/static/a68ec0a3134b8610c476cd0fa3c0cf7e/2f1b1/react.jpg\\" alt=\\"React Logo\\" style=\\"position:absolute;top:0;left:0;opacity:1;width:100%;height:100%;object-fit:cover;object-position:center\\"/></picture>",
                  }
                }
              />
            </div>
            <p>
              JSX/TSX
            </p>
          </div>
        </div>
      </div>
    </div>
    <div
      className="card emotion-5"
    >
      <div
        className="card-content emotion-4"
      >
        <h4
          className="brown-text light"
        >
          CSS
        </h4>
        <hr
          className="MuiDivider-root divider MuiDivider-middle"
        />
        <div
          className="row emotion-3"
        >
          <div
            className="col s4 m2 emotion-1"
          >
            <div
              className=" gatsby-image-wrapper"
              style={
                Object {
                  "maxHeight": "100%",
                  "overflow": "hidden",
                  "position": "relative",
                }
              }
            >
              <div
                aria-hidden={true}
                style={
                  Object {
                    "paddingBottom": "63.83896477354421%",
                    "width": "100%",
                  }
                }
              />
              <img
                alt=""
                aria-hidden={true}
                src="data:image/jpeg;base64,/9j/2wBDABALDA4MChAODQ4SERATGCgaGBYWGDEj"
                style={
                  Object {
                    "height": "100%",
                    "left": 0,
                    "objectFit": "contain",
                    "objectPosition": "center",
                    "opacity": 1,
                    "position": "absolute",
                    "top": 0,
                    "transitionDelay": "500ms",
                    "width": "100%",
                  }
                }
              />
              <picture>
                <source
                  sizes="(max-width: 800px) 100vw, 800px"
                  srcSet="/static/a68ec0a3134b8610c476cd0fa3c0cf7e/fd013/css.jpg 200w,
						  /static/a68ec0a3134b8610c476cd0fa3c0cf7e/25252/css.jpg 400w,
						  /static/a68ec0a3134b8610c476cd0fa3c0cf7e/2f1b1/css.jpg 800w,
						  /static/a68ec0a3134b8610c476cd0fa3c0cf7e/0ff54/css.jpg 1200w,
						  /static/a68ec0a3134b8610c476cd0fa3c0cf7e/6d185/css.jpg 1391w"
                />
                <img
                  alt="CSS3 Logo"
                  loading="lazy"
                  onLoad={[Function]}
                  sizes="(max-width: 800px) 100vw, 800px"
                  src="/static/a68ec0a3134b8610c476cd0fa3c0cf7e/2f1b1/css.jpg"
                  srcSet="/static/a68ec0a3134b8610c476cd0fa3c0cf7e/fd013/css.jpg 200w,
						  /static/a68ec0a3134b8610c476cd0fa3c0cf7e/25252/css.jpg 400w,
						  /static/a68ec0a3134b8610c476cd0fa3c0cf7e/2f1b1/css.jpg 800w,
						  /static/a68ec0a3134b8610c476cd0fa3c0cf7e/0ff54/css.jpg 1200w,
						  /static/a68ec0a3134b8610c476cd0fa3c0cf7e/6d185/css.jpg 1391w"
                  style={
                    Object {
                      "height": "100%",
                      "left": 0,
                      "objectFit": "contain",
                      "objectPosition": "center",
                      "opacity": 0,
                      "position": "absolute",
                      "top": 0,
                      "transition": "opacity 500ms",
                      "width": "100%",
                    }
                  }
                />
              </picture>
              <noscript
                dangerouslySetInnerHTML={
                  Object {
                    "__html": "<picture><source srcset=\\"/static/a68ec0a3134b8610c476cd0fa3c0cf7e/fd013/css.jpg 200w,
						  /static/a68ec0a3134b8610c476cd0fa3c0cf7e/25252/css.jpg 400w,
						  /static/a68ec0a3134b8610c476cd0fa3c0cf7e/2f1b1/css.jpg 800w,
						  /static/a68ec0a3134b8610c476cd0fa3c0cf7e/0ff54/css.jpg 1200w,
						  /static/a68ec0a3134b8610c476cd0fa3c0cf7e/6d185/css.jpg 1391w\\" sizes=\\"(max-width: 800px) 100vw, 800px\\" /><img loading=\\"lazy\\" sizes=\\"(max-width: 800px) 100vw, 800px\\" srcset=\\"/static/a68ec0a3134b8610c476cd0fa3c0cf7e/fd013/css.jpg 200w,
						  /static/a68ec0a3134b8610c476cd0fa3c0cf7e/25252/css.jpg 400w,
						  /static/a68ec0a3134b8610c476cd0fa3c0cf7e/2f1b1/css.jpg 800w,
						  /static/a68ec0a3134b8610c476cd0fa3c0cf7e/0ff54/css.jpg 1200w,
						  /static/a68ec0a3134b8610c476cd0fa3c0cf7e/6d185/css.jpg 1391w\\" src=\\"/static/a68ec0a3134b8610c476cd0fa3c0cf7e/2f1b1/css.jpg\\" alt=\\"CSS3 Logo\\" style=\\"position:absolute;top:0;left:0;opacity:1;width:100%;height:100%;object-fit:cover;object-position:center\\"/></picture>",
                  }
                }
              />
            </div>
            <p>
              CSS3
            </p>
          </div>
          <div
            className="col s4 m2 emotion-1"
          >
            <div
              className=" gatsby-image-wrapper"
              style={
                Object {
                  "maxHeight": "100%",
                  "overflow": "hidden",
                  "position": "relative",
                }
              }
            >
              <div
                aria-hidden={true}
                style={
                  Object {
                    "paddingBottom": "63.83896477354421%",
                    "width": "100%",
                  }
                }
              />
              <img
                alt=""
                aria-hidden={true}
                src="data:image/jpeg;base64,/9j/2wBDABALDA4MChAODQ4SERATGCgaGBYWGDEj"
                style={
                  Object {
                    "height": "100%",
                    "left": 0,
                    "objectFit": "contain",
                    "objectPosition": "center",
                    "opacity": 1,
                    "position": "absolute",
                    "top": 0,
                    "transitionDelay": "500ms",
                    "width": "100%",
                  }
                }
              />
              <picture>
                <source
                  sizes="(max-width: 800px) 100vw, 800px"
                  srcSet="/static/a68ec0a3134b8610c476cd0fa3c0cf7e/fd013/sass.jpg 200w,
						  /static/a68ec0a3134b8610c476cd0fa3c0cf7e/25252/sass.jpg 400w,
						  /static/a68ec0a3134b8610c476cd0fa3c0cf7e/2f1b1/sass.jpg 800w,
						  /static/a68ec0a3134b8610c476cd0fa3c0cf7e/0ff54/sass.jpg 1200w,
						  /static/a68ec0a3134b8610c476cd0fa3c0cf7e/6d185/sass.jpg 1391w"
                />
                <img
                  alt="SASS Logo"
                  loading="lazy"
                  onLoad={[Function]}
                  sizes="(max-width: 800px) 100vw, 800px"
                  src="/static/a68ec0a3134b8610c476cd0fa3c0cf7e/2f1b1/sass.jpg"
                  srcSet="/static/a68ec0a3134b8610c476cd0fa3c0cf7e/fd013/sass.jpg 200w,
						  /static/a68ec0a3134b8610c476cd0fa3c0cf7e/25252/sass.jpg 400w,
						  /static/a68ec0a3134b8610c476cd0fa3c0cf7e/2f1b1/sass.jpg 800w,
						  /static/a68ec0a3134b8610c476cd0fa3c0cf7e/0ff54/sass.jpg 1200w,
						  /static/a68ec0a3134b8610c476cd0fa3c0cf7e/6d185/sass.jpg 1391w"
                  style={
                    Object {
                      "height": "100%",
                      "left": 0,
                      "objectFit": "contain",
                      "objectPosition": "center",
                      "opacity": 0,
                      "position": "absolute",
                      "top": 0,
                      "transition": "opacity 500ms",
                      "width": "100%",
                    }
                  }
                />
              </picture>
              <noscript
                dangerouslySetInnerHTML={
                  Object {
                    "__html": "<picture><source srcset=\\"/static/a68ec0a3134b8610c476cd0fa3c0cf7e/fd013/sass.jpg 200w,
						  /static/a68ec0a3134b8610c476cd0fa3c0cf7e/25252/sass.jpg 400w,
						  /static/a68ec0a3134b8610c476cd0fa3c0cf7e/2f1b1/sass.jpg 800w,
						  /static/a68ec0a3134b8610c476cd0fa3c0cf7e/0ff54/sass.jpg 1200w,
						  /static/a68ec0a3134b8610c476cd0fa3c0cf7e/6d185/sass.jpg 1391w\\" sizes=\\"(max-width: 800px) 100vw, 800px\\" /><img loading=\\"lazy\\" sizes=\\"(max-width: 800px) 100vw, 800px\\" srcset=\\"/static/a68ec0a3134b8610c476cd0fa3c0cf7e/fd013/sass.jpg 200w,
						  /static/a68ec0a3134b8610c476cd0fa3c0cf7e/25252/sass.jpg 400w,
						  /static/a68ec0a3134b8610c476cd0fa3c0cf7e/2f1b1/sass.jpg 800w,
						  /static/a68ec0a3134b8610c476cd0fa3c0cf7e/0ff54/sass.jpg 1200w,
						  /static/a68ec0a3134b8610c476cd0fa3c0cf7e/6d185/sass.jpg 1391w\\" src=\\"/static/a68ec0a3134b8610c476cd0fa3c0cf7e/2f1b1/sass.jpg\\" alt=\\"SASS Logo\\" style=\\"position:absolute;top:0;left:0;opacity:1;width:100%;height:100%;object-fit:cover;object-position:center\\"/></picture>",
                  }
                }
              />
            </div>
            <p
              className="sass"
            >
              SASS
            </p>
          </div>
          <div
            className="col s4 m2 emotion-1"
          >
            <div
              className=" gatsby-image-wrapper"
              style={
                Object {
                  "maxHeight": "100%",
                  "overflow": "hidden",
                  "position": "relative",
                }
              }
            >
              <div
                aria-hidden={true}
                style={
                  Object {
                    "paddingBottom": "63.83896477354421%",
                    "width": "100%",
                  }
                }
              />
              <img
                alt=""
                aria-hidden={true}
                src="data:image/jpeg;base64,/9j/2wBDABALDA4MChAODQ4SERATGCgaGBYWGDEj"
                style={
                  Object {
                    "height": "100%",
                    "left": 0,
                    "objectFit": "contain",
                    "objectPosition": "center",
                    "opacity": 1,
                    "position": "absolute",
                    "top": 0,
                    "transitionDelay": "500ms",
                    "width": "100%",
                  }
                }
              />
              <picture>
                <source
                  sizes="(max-width: 800px) 100vw, 800px"
                  srcSet="/static/a68ec0a3134b8610c476cd0fa3c0cf7e/fd013/bootstrap.jpg 200w,
						  /static/a68ec0a3134b8610c476cd0fa3c0cf7e/25252/bootstrap.jpg 400w,
						  /static/a68ec0a3134b8610c476cd0fa3c0cf7e/2f1b1/bootstrap.jpg 800w,
						  /static/a68ec0a3134b8610c476cd0fa3c0cf7e/0ff54/bootstrap.jpg 1200w,
						  /static/a68ec0a3134b8610c476cd0fa3c0cf7e/6d185/bootstrap.jpg 1391w"
                />
                <img
                  alt="Bootstrap Logo"
                  loading="lazy"
                  onLoad={[Function]}
                  sizes="(max-width: 800px) 100vw, 800px"
                  src="/static/a68ec0a3134b8610c476cd0fa3c0cf7e/2f1b1/bootstrap.jpg"
                  srcSet="/static/a68ec0a3134b8610c476cd0fa3c0cf7e/fd013/bootstrap.jpg 200w,
						  /static/a68ec0a3134b8610c476cd0fa3c0cf7e/25252/bootstrap.jpg 400w,
						  /static/a68ec0a3134b8610c476cd0fa3c0cf7e/2f1b1/bootstrap.jpg 800w,
						  /static/a68ec0a3134b8610c476cd0fa3c0cf7e/0ff54/bootstrap.jpg 1200w,
						  /static/a68ec0a3134b8610c476cd0fa3c0cf7e/6d185/bootstrap.jpg 1391w"
                  style={
                    Object {
                      "height": "100%",
                      "left": 0,
                      "objectFit": "contain",
                      "objectPosition": "center",
                      "opacity": 0,
                      "position": "absolute",
                      "top": 0,
                      "transition": "opacity 500ms",
                      "width": "100%",
                    }
                  }
                />
              </picture>
              <noscript
                dangerouslySetInnerHTML={
                  Object {
                    "__html": "<picture><source srcset=\\"/static/a68ec0a3134b8610c476cd0fa3c0cf7e/fd013/bootstrap.jpg 200w,
						  /static/a68ec0a3134b8610c476cd0fa3c0cf7e/25252/bootstrap.jpg 400w,
						  /static/a68ec0a3134b8610c476cd0fa3c0cf7e/2f1b1/bootstrap.jpg 800w,
						  /static/a68ec0a3134b8610c476cd0fa3c0cf7e/0ff54/bootstrap.jpg 1200w,
						  /static/a68ec0a3134b8610c476cd0fa3c0cf7e/6d185/bootstrap.jpg 1391w\\" sizes=\\"(max-width: 800px) 100vw, 800px\\" /><img loading=\\"lazy\\" sizes=\\"(max-width: 800px) 100vw, 800px\\" srcset=\\"/static/a68ec0a3134b8610c476cd0fa3c0cf7e/fd013/bootstrap.jpg 200w,
						  /static/a68ec0a3134b8610c476cd0fa3c0cf7e/25252/bootstrap.jpg 400w,
						  /static/a68ec0a3134b8610c476cd0fa3c0cf7e/2f1b1/bootstrap.jpg 800w,
						  /static/a68ec0a3134b8610c476cd0fa3c0cf7e/0ff54/bootstrap.jpg 1200w,
						  /static/a68ec0a3134b8610c476cd0fa3c0cf7e/6d185/bootstrap.jpg 1391w\\" src=\\"/static/a68ec0a3134b8610c476cd0fa3c0cf7e/2f1b1/bootstrap.jpg\\" alt=\\"Bootstrap Logo\\" style=\\"position:absolute;top:0;left:0;opacity:1;width:100%;height:100%;object-fit:cover;object-position:center\\"/></picture>",
                  }
                }
              />
            </div>
            <p>
              Bootstrap
            </p>
          </div>
          <div
            className="col s4 m2 emotion-1"
          >
            <div
              className=" gatsby-image-wrapper"
              style={
                Object {
                  "maxHeight": "100%",
                  "overflow": "hidden",
                  "position": "relative",
                }
              }
            >
              <div
                aria-hidden={true}
                style={
                  Object {
                    "paddingBottom": "63.83896477354421%",
                    "width": "100%",
                  }
                }
              />
              <img
                alt=""
                aria-hidden={true}
                src="data:image/jpeg;base64,/9j/2wBDABALDA4MChAODQ4SERATGCgaGBYWGDEj"
                style={
                  Object {
                    "height": "100%",
                    "left": 0,
                    "objectFit": "contain",
                    "objectPosition": "center",
                    "opacity": 1,
                    "position": "absolute",
                    "top": 0,
                    "transitionDelay": "500ms",
                    "width": "100%",
                  }
                }
              />
              <picture>
                <source
                  sizes="(max-width: 800px) 100vw, 800px"
                  srcSet="/static/a68ec0a3134b8610c476cd0fa3c0cf7e/fd013/materialize.jpg 200w,
						  /static/a68ec0a3134b8610c476cd0fa3c0cf7e/25252/materialize.jpg 400w,
						  /static/a68ec0a3134b8610c476cd0fa3c0cf7e/2f1b1/materialize.jpg 800w,
						  /static/a68ec0a3134b8610c476cd0fa3c0cf7e/0ff54/materialize.jpg 1200w,
						  /static/a68ec0a3134b8610c476cd0fa3c0cf7e/6d185/materialize.jpg 1391w"
                />
                <img
                  alt="Materialize Logo"
                  loading="lazy"
                  onLoad={[Function]}
                  sizes="(max-width: 800px) 100vw, 800px"
                  src="/static/a68ec0a3134b8610c476cd0fa3c0cf7e/2f1b1/materialize.jpg"
                  srcSet="/static/a68ec0a3134b8610c476cd0fa3c0cf7e/fd013/materialize.jpg 200w,
						  /static/a68ec0a3134b8610c476cd0fa3c0cf7e/25252/materialize.jpg 400w,
						  /static/a68ec0a3134b8610c476cd0fa3c0cf7e/2f1b1/materialize.jpg 800w,
						  /static/a68ec0a3134b8610c476cd0fa3c0cf7e/0ff54/materialize.jpg 1200w,
						  /static/a68ec0a3134b8610c476cd0fa3c0cf7e/6d185/materialize.jpg 1391w"
                  style={
                    Object {
                      "height": "100%",
                      "left": 0,
                      "objectFit": "contain",
                      "objectPosition": "center",
                      "opacity": 0,
                      "position": "absolute",
                      "top": 0,
                      "transition": "opacity 500ms",
                      "width": "100%",
                    }
                  }
                />
              </picture>
              <noscript
                dangerouslySetInnerHTML={
                  Object {
                    "__html": "<picture><source srcset=\\"/static/a68ec0a3134b8610c476cd0fa3c0cf7e/fd013/materialize.jpg 200w,
						  /static/a68ec0a3134b8610c476cd0fa3c0cf7e/25252/materialize.jpg 400w,
						  /static/a68ec0a3134b8610c476cd0fa3c0cf7e/2f1b1/materialize.jpg 800w,
						  /static/a68ec0a3134b8610c476cd0fa3c0cf7e/0ff54/materialize.jpg 1200w,
						  /static/a68ec0a3134b8610c476cd0fa3c0cf7e/6d185/materialize.jpg 1391w\\" sizes=\\"(max-width: 800px) 100vw, 800px\\" /><img loading=\\"lazy\\" sizes=\\"(max-width: 800px) 100vw, 800px\\" srcset=\\"/static/a68ec0a3134b8610c476cd0fa3c0cf7e/fd013/materialize.jpg 200w,
						  /static/a68ec0a3134b8610c476cd0fa3c0cf7e/25252/materialize.jpg 400w,
						  /static/a68ec0a3134b8610c476cd0fa3c0cf7e/2f1b1/materialize.jpg 800w,
						  /static/a68ec0a3134b8610c476cd0fa3c0cf7e/0ff54/materialize.jpg 1200w,
						  /static/a68ec0a3134b8610c476cd0fa3c0cf7e/6d185/materialize.jpg 1391w\\" src=\\"/static/a68ec0a3134b8610c476cd0fa3c0cf7e/2f1b1/materialize.jpg\\" alt=\\"Materialize Logo\\" style=\\"position:absolute;top:0;left:0;opacity:1;width:100%;height:100%;object-fit:cover;object-position:center\\"/></picture>",
                  }
                }
              />
            </div>
            <p>
              Materialize
            </p>
          </div>
          <div
            className="col s4 m2 emotion-1"
          >
            <div
              className=" gatsby-image-wrapper"
              style={
                Object {
                  "maxHeight": "100%",
                  "overflow": "hidden",
                  "position": "relative",
                }
              }
            >
              <div
                aria-hidden={true}
                style={
                  Object {
                    "paddingBottom": "63.83896477354421%",
                    "width": "100%",
                  }
                }
              />
              <img
                alt=""
                aria-hidden={true}
                src="data:image/jpeg;base64,/9j/2wBDABALDA4MChAODQ4SERATGCgaGBYWGDEj"
                style={
                  Object {
                    "height": "100%",
                    "left": 0,
                    "objectFit": "contain",
                    "objectPosition": "center",
                    "opacity": 1,
                    "position": "absolute",
                    "top": 0,
                    "transitionDelay": "500ms",
                    "width": "100%",
                  }
                }
              />
              <picture>
                <source
                  sizes="(max-width: 800px) 100vw, 800px"
                  srcSet="/static/a68ec0a3134b8610c476cd0fa3c0cf7e/fd013/styComp.jpg 200w,
						  /static/a68ec0a3134b8610c476cd0fa3c0cf7e/25252/styComp.jpg 400w,
						  /static/a68ec0a3134b8610c476cd0fa3c0cf7e/2f1b1/styComp.jpg 800w,
						  /static/a68ec0a3134b8610c476cd0fa3c0cf7e/0ff54/styComp.jpg 1200w,
						  /static/a68ec0a3134b8610c476cd0fa3c0cf7e/6d185/styComp.jpg 1391w"
                />
                <img
                  alt="Styled Components Logo"
                  loading="lazy"
                  onLoad={[Function]}
                  sizes="(max-width: 800px) 100vw, 800px"
                  src="/static/a68ec0a3134b8610c476cd0fa3c0cf7e/2f1b1/styComp.jpg"
                  srcSet="/static/a68ec0a3134b8610c476cd0fa3c0cf7e/fd013/styComp.jpg 200w,
						  /static/a68ec0a3134b8610c476cd0fa3c0cf7e/25252/styComp.jpg 400w,
						  /static/a68ec0a3134b8610c476cd0fa3c0cf7e/2f1b1/styComp.jpg 800w,
						  /static/a68ec0a3134b8610c476cd0fa3c0cf7e/0ff54/styComp.jpg 1200w,
						  /static/a68ec0a3134b8610c476cd0fa3c0cf7e/6d185/styComp.jpg 1391w"
                  style={
                    Object {
                      "height": "100%",
                      "left": 0,
                      "objectFit": "contain",
                      "objectPosition": "center",
                      "opacity": 0,
                      "position": "absolute",
                      "top": 0,
                      "transition": "opacity 500ms",
                      "width": "100%",
                    }
                  }
                />
              </picture>
              <noscript
                dangerouslySetInnerHTML={
                  Object {
                    "__html": "<picture><source srcset=\\"/static/a68ec0a3134b8610c476cd0fa3c0cf7e/fd013/styComp.jpg 200w,
						  /static/a68ec0a3134b8610c476cd0fa3c0cf7e/25252/styComp.jpg 400w,
						  /static/a68ec0a3134b8610c476cd0fa3c0cf7e/2f1b1/styComp.jpg 800w,
						  /static/a68ec0a3134b8610c476cd0fa3c0cf7e/0ff54/styComp.jpg 1200w,
						  /static/a68ec0a3134b8610c476cd0fa3c0cf7e/6d185/styComp.jpg 1391w\\" sizes=\\"(max-width: 800px) 100vw, 800px\\" /><img loading=\\"lazy\\" sizes=\\"(max-width: 800px) 100vw, 800px\\" srcset=\\"/static/a68ec0a3134b8610c476cd0fa3c0cf7e/fd013/styComp.jpg 200w,
						  /static/a68ec0a3134b8610c476cd0fa3c0cf7e/25252/styComp.jpg 400w,
						  /static/a68ec0a3134b8610c476cd0fa3c0cf7e/2f1b1/styComp.jpg 800w,
						  /static/a68ec0a3134b8610c476cd0fa3c0cf7e/0ff54/styComp.jpg 1200w,
						  /static/a68ec0a3134b8610c476cd0fa3c0cf7e/6d185/styComp.jpg 1391w\\" src=\\"/static/a68ec0a3134b8610c476cd0fa3c0cf7e/2f1b1/styComp.jpg\\" alt=\\"Styled Components Logo\\" style=\\"position:absolute;top:0;left:0;opacity:1;width:100%;height:100%;object-fit:cover;object-position:center\\"/></picture>",
                  }
                }
              />
            </div>
            <p>
              Styled Components
            </p>
          </div>
        </div>
      </div>
    </div>
    <div
      className="card emotion-5"
    >
      <div
        className="card-content emotion-4"
      >
        <h4
          className="brown-text light"
        >
          Javascript
        </h4>
        <hr
          className="MuiDivider-root divider MuiDivider-middle"
        />
        <div
          className="row emotion-3"
        >
          <div
            className="col s4 m2 emotion-1"
          >
            <div
              className=" gatsby-image-wrapper"
              style={
                Object {
                  "maxHeight": "100%",
                  "overflow": "hidden",
                  "position": "relative",
                }
              }
            >
              <div
                aria-hidden={true}
                style={
                  Object {
                    "paddingBottom": "63.83896477354421%",
                    "width": "100%",
                  }
                }
              />
              <img
                alt=""
                aria-hidden={true}
                src="data:image/jpeg;base64,/9j/2wBDABALDA4MChAODQ4SERATGCgaGBYWGDEj"
                style={
                  Object {
                    "height": "100%",
                    "left": 0,
                    "objectFit": "contain",
                    "objectPosition": "center",
                    "opacity": 1,
                    "position": "absolute",
                    "top": 0,
                    "transitionDelay": "500ms",
                    "width": "100%",
                  }
                }
              />
              <picture>
                <source
                  sizes="(max-width: 800px) 100vw, 800px"
                  srcSet="/static/a68ec0a3134b8610c476cd0fa3c0cf7e/fd013/react.jpg 200w,
						  /static/a68ec0a3134b8610c476cd0fa3c0cf7e/25252/react.jpg 400w,
						  /static/a68ec0a3134b8610c476cd0fa3c0cf7e/2f1b1/react.jpg 800w,
						  /static/a68ec0a3134b8610c476cd0fa3c0cf7e/0ff54/react.jpg 1200w,
						  /static/a68ec0a3134b8610c476cd0fa3c0cf7e/6d185/react.jpg 1391w"
                />
                <img
                  alt="React Logo"
                  loading="lazy"
                  onLoad={[Function]}
                  sizes="(max-width: 800px) 100vw, 800px"
                  src="/static/a68ec0a3134b8610c476cd0fa3c0cf7e/2f1b1/react.jpg"
                  srcSet="/static/a68ec0a3134b8610c476cd0fa3c0cf7e/fd013/react.jpg 200w,
						  /static/a68ec0a3134b8610c476cd0fa3c0cf7e/25252/react.jpg 400w,
						  /static/a68ec0a3134b8610c476cd0fa3c0cf7e/2f1b1/react.jpg 800w,
						  /static/a68ec0a3134b8610c476cd0fa3c0cf7e/0ff54/react.jpg 1200w,
						  /static/a68ec0a3134b8610c476cd0fa3c0cf7e/6d185/react.jpg 1391w"
                  style={
                    Object {
                      "height": "100%",
                      "left": 0,
                      "objectFit": "contain",
                      "objectPosition": "center",
                      "opacity": 0,
                      "position": "absolute",
                      "top": 0,
                      "transition": "opacity 500ms",
                      "width": "100%",
                    }
                  }
                />
              </picture>
              <noscript
                dangerouslySetInnerHTML={
                  Object {
                    "__html": "<picture><source srcset=\\"/static/a68ec0a3134b8610c476cd0fa3c0cf7e/fd013/react.jpg 200w,
						  /static/a68ec0a3134b8610c476cd0fa3c0cf7e/25252/react.jpg 400w,
						  /static/a68ec0a3134b8610c476cd0fa3c0cf7e/2f1b1/react.jpg 800w,
						  /static/a68ec0a3134b8610c476cd0fa3c0cf7e/0ff54/react.jpg 1200w,
						  /static/a68ec0a3134b8610c476cd0fa3c0cf7e/6d185/react.jpg 1391w\\" sizes=\\"(max-width: 800px) 100vw, 800px\\" /><img loading=\\"lazy\\" sizes=\\"(max-width: 800px) 100vw, 800px\\" srcset=\\"/static/a68ec0a3134b8610c476cd0fa3c0cf7e/fd013/react.jpg 200w,
						  /static/a68ec0a3134b8610c476cd0fa3c0cf7e/25252/react.jpg 400w,
						  /static/a68ec0a3134b8610c476cd0fa3c0cf7e/2f1b1/react.jpg 800w,
						  /static/a68ec0a3134b8610c476cd0fa3c0cf7e/0ff54/react.jpg 1200w,
						  /static/a68ec0a3134b8610c476cd0fa3c0cf7e/6d185/react.jpg 1391w\\" src=\\"/static/a68ec0a3134b8610c476cd0fa3c0cf7e/2f1b1/react.jpg\\" alt=\\"React Logo\\" style=\\"position:absolute;top:0;left:0;opacity:1;width:100%;height:100%;object-fit:cover;object-position:center\\"/></picture>",
                  }
                }
              />
            </div>
            <p>
              React/React Native
            </p>
          </div>
          <div
            className="col s4 m2 emotion-1"
          >
            <div
              className=" gatsby-image-wrapper"
              style={
                Object {
                  "maxHeight": "100%",
                  "overflow": "hidden",
                  "position": "relative",
                }
              }
            >
              <div
                aria-hidden={true}
                style={
                  Object {
                    "paddingBottom": "63.83896477354421%",
                    "width": "100%",
                  }
                }
              />
              <img
                alt=""
                aria-hidden={true}
                src="data:image/jpeg;base64,/9j/2wBDABALDA4MChAODQ4SERATGCgaGBYWGDEj"
                style={
                  Object {
                    "height": "100%",
                    "left": 0,
                    "objectFit": "contain",
                    "objectPosition": "center",
                    "opacity": 1,
                    "position": "absolute",
                    "top": 0,
                    "transitionDelay": "500ms",
                    "width": "100%",
                  }
                }
              />
              <picture>
                <source
                  sizes="(max-width: 800px) 100vw, 800px"
                  srcSet="/static/a68ec0a3134b8610c476cd0fa3c0cf7e/fd013/ts.jpg 200w,
						  /static/a68ec0a3134b8610c476cd0fa3c0cf7e/25252/ts.jpg 400w,
						  /static/a68ec0a3134b8610c476cd0fa3c0cf7e/2f1b1/ts.jpg 800w,
						  /static/a68ec0a3134b8610c476cd0fa3c0cf7e/0ff54/ts.jpg 1200w,
						  /static/a68ec0a3134b8610c476cd0fa3c0cf7e/6d185/ts.jpg 1391w"
                />
                <img
                  alt="Typescript Logo"
                  loading="lazy"
                  onLoad={[Function]}
                  sizes="(max-width: 800px) 100vw, 800px"
                  src="/static/a68ec0a3134b8610c476cd0fa3c0cf7e/2f1b1/ts.jpg"
                  srcSet="/static/a68ec0a3134b8610c476cd0fa3c0cf7e/fd013/ts.jpg 200w,
						  /static/a68ec0a3134b8610c476cd0fa3c0cf7e/25252/ts.jpg 400w,
						  /static/a68ec0a3134b8610c476cd0fa3c0cf7e/2f1b1/ts.jpg 800w,
						  /static/a68ec0a3134b8610c476cd0fa3c0cf7e/0ff54/ts.jpg 1200w,
						  /static/a68ec0a3134b8610c476cd0fa3c0cf7e/6d185/ts.jpg 1391w"
                  style={
                    Object {
                      "height": "100%",
                      "left": 0,
                      "objectFit": "contain",
                      "objectPosition": "center",
                      "opacity": 0,
                      "position": "absolute",
                      "top": 0,
                      "transition": "opacity 500ms",
                      "width": "100%",
                    }
                  }
                />
              </picture>
              <noscript
                dangerouslySetInnerHTML={
                  Object {
                    "__html": "<picture><source srcset=\\"/static/a68ec0a3134b8610c476cd0fa3c0cf7e/fd013/ts.jpg 200w,
						  /static/a68ec0a3134b8610c476cd0fa3c0cf7e/25252/ts.jpg 400w,
						  /static/a68ec0a3134b8610c476cd0fa3c0cf7e/2f1b1/ts.jpg 800w,
						  /static/a68ec0a3134b8610c476cd0fa3c0cf7e/0ff54/ts.jpg 1200w,
						  /static/a68ec0a3134b8610c476cd0fa3c0cf7e/6d185/ts.jpg 1391w\\" sizes=\\"(max-width: 800px) 100vw, 800px\\" /><img loading=\\"lazy\\" sizes=\\"(max-width: 800px) 100vw, 800px\\" srcset=\\"/static/a68ec0a3134b8610c476cd0fa3c0cf7e/fd013/ts.jpg 200w,
						  /static/a68ec0a3134b8610c476cd0fa3c0cf7e/25252/ts.jpg 400w,
						  /static/a68ec0a3134b8610c476cd0fa3c0cf7e/2f1b1/ts.jpg 800w,
						  /static/a68ec0a3134b8610c476cd0fa3c0cf7e/0ff54/ts.jpg 1200w,
						  /static/a68ec0a3134b8610c476cd0fa3c0cf7e/6d185/ts.jpg 1391w\\" src=\\"/static/a68ec0a3134b8610c476cd0fa3c0cf7e/2f1b1/ts.jpg\\" alt=\\"Typescript Logo\\" style=\\"position:absolute;top:0;left:0;opacity:1;width:100%;height:100%;object-fit:cover;object-position:center\\"/></picture>",
                  }
                }
              />
            </div>
            <p>
              Typescript
            </p>
          </div>
          <div
            className="col s4 m2 emotion-1"
          >
            <div
              className=" gatsby-image-wrapper"
              style={
                Object {
                  "maxHeight": "100%",
                  "overflow": "hidden",
                  "position": "relative",
                }
              }
            >
              <div
                aria-hidden={true}
                style={
                  Object {
                    "paddingBottom": "63.83896477354421%",
                    "width": "100%",
                  }
                }
              />
              <img
                alt=""
                aria-hidden={true}
                src="data:image/jpeg;base64,/9j/2wBDABALDA4MChAODQ4SERATGCgaGBYWGDEj"
                style={
                  Object {
                    "height": "100%",
                    "left": 0,
                    "objectFit": "contain",
                    "objectPosition": "center",
                    "opacity": 1,
                    "position": "absolute",
                    "top": 0,
                    "transitionDelay": "500ms",
                    "width": "100%",
                  }
                }
              />
              <picture>
                <source
                  sizes="(max-width: 800px) 100vw, 800px"
                  srcSet="/static/a68ec0a3134b8610c476cd0fa3c0cf7e/fd013/jquery.jpg 200w,
						  /static/a68ec0a3134b8610c476cd0fa3c0cf7e/25252/jquery.jpg 400w,
						  /static/a68ec0a3134b8610c476cd0fa3c0cf7e/2f1b1/jquery.jpg 800w,
						  /static/a68ec0a3134b8610c476cd0fa3c0cf7e/0ff54/jquery.jpg 1200w,
						  /static/a68ec0a3134b8610c476cd0fa3c0cf7e/6d185/jquery.jpg 1391w"
                />
                <img
                  alt="jQuery Logo"
                  loading="lazy"
                  onLoad={[Function]}
                  sizes="(max-width: 800px) 100vw, 800px"
                  src="/static/a68ec0a3134b8610c476cd0fa3c0cf7e/2f1b1/jquery.jpg"
                  srcSet="/static/a68ec0a3134b8610c476cd0fa3c0cf7e/fd013/jquery.jpg 200w,
						  /static/a68ec0a3134b8610c476cd0fa3c0cf7e/25252/jquery.jpg 400w,
						  /static/a68ec0a3134b8610c476cd0fa3c0cf7e/2f1b1/jquery.jpg 800w,
						  /static/a68ec0a3134b8610c476cd0fa3c0cf7e/0ff54/jquery.jpg 1200w,
						  /static/a68ec0a3134b8610c476cd0fa3c0cf7e/6d185/jquery.jpg 1391w"
                  style={
                    Object {
                      "height": "100%",
                      "left": 0,
                      "objectFit": "contain",
                      "objectPosition": "center",
                      "opacity": 0,
                      "position": "absolute",
                      "top": 0,
                      "transition": "opacity 500ms",
                      "width": "100%",
                    }
                  }
                />
              </picture>
              <noscript
                dangerouslySetInnerHTML={
                  Object {
                    "__html": "<picture><source srcset=\\"/static/a68ec0a3134b8610c476cd0fa3c0cf7e/fd013/jquery.jpg 200w,
						  /static/a68ec0a3134b8610c476cd0fa3c0cf7e/25252/jquery.jpg 400w,
						  /static/a68ec0a3134b8610c476cd0fa3c0cf7e/2f1b1/jquery.jpg 800w,
						  /static/a68ec0a3134b8610c476cd0fa3c0cf7e/0ff54/jquery.jpg 1200w,
						  /static/a68ec0a3134b8610c476cd0fa3c0cf7e/6d185/jquery.jpg 1391w\\" sizes=\\"(max-width: 800px) 100vw, 800px\\" /><img loading=\\"lazy\\" sizes=\\"(max-width: 800px) 100vw, 800px\\" srcset=\\"/static/a68ec0a3134b8610c476cd0fa3c0cf7e/fd013/jquery.jpg 200w,
						  /static/a68ec0a3134b8610c476cd0fa3c0cf7e/25252/jquery.jpg 400w,
						  /static/a68ec0a3134b8610c476cd0fa3c0cf7e/2f1b1/jquery.jpg 800w,
						  /static/a68ec0a3134b8610c476cd0fa3c0cf7e/0ff54/jquery.jpg 1200w,
						  /static/a68ec0a3134b8610c476cd0fa3c0cf7e/6d185/jquery.jpg 1391w\\" src=\\"/static/a68ec0a3134b8610c476cd0fa3c0cf7e/2f1b1/jquery.jpg\\" alt=\\"jQuery Logo\\" style=\\"position:absolute;top:0;left:0;opacity:1;width:100%;height:100%;object-fit:cover;object-position:center\\"/></picture>",
                  }
                }
              />
            </div>
            <p>
              jQuery
            </p>
          </div>
          <div
            className="col s4 m2 emotion-1"
          >
            <div
              className=" gatsby-image-wrapper"
              style={
                Object {
                  "maxHeight": "100%",
                  "overflow": "hidden",
                  "position": "relative",
                }
              }
            >
              <div
                aria-hidden={true}
                style={
                  Object {
                    "paddingBottom": "63.83896477354421%",
                    "width": "100%",
                  }
                }
              />
              <img
                alt=""
                aria-hidden={true}
                src="data:image/jpeg;base64,/9j/2wBDABALDA4MChAODQ4SERATGCgaGBYWGDEj"
                style={
                  Object {
                    "height": "100%",
                    "left": 0,
                    "objectFit": "contain",
                    "objectPosition": "center",
                    "opacity": 1,
                    "position": "absolute",
                    "top": 0,
                    "transitionDelay": "500ms",
                    "width": "100%",
                  }
                }
              />
              <picture>
                <source
                  sizes="(max-width: 800px) 100vw, 800px"
                  srcSet="/static/a68ec0a3134b8610c476cd0fa3c0cf7e/fd013/node.jpg 200w,
						  /static/a68ec0a3134b8610c476cd0fa3c0cf7e/25252/node.jpg 400w,
						  /static/a68ec0a3134b8610c476cd0fa3c0cf7e/2f1b1/node.jpg 800w,
						  /static/a68ec0a3134b8610c476cd0fa3c0cf7e/0ff54/node.jpg 1200w,
						  /static/a68ec0a3134b8610c476cd0fa3c0cf7e/6d185/node.jpg 1391w"
                />
                <img
                  alt="Node.js Logo"
                  loading="lazy"
                  onLoad={[Function]}
                  sizes="(max-width: 800px) 100vw, 800px"
                  src="/static/a68ec0a3134b8610c476cd0fa3c0cf7e/2f1b1/node.jpg"
                  srcSet="/static/a68ec0a3134b8610c476cd0fa3c0cf7e/fd013/node.jpg 200w,
						  /static/a68ec0a3134b8610c476cd0fa3c0cf7e/25252/node.jpg 400w,
						  /static/a68ec0a3134b8610c476cd0fa3c0cf7e/2f1b1/node.jpg 800w,
						  /static/a68ec0a3134b8610c476cd0fa3c0cf7e/0ff54/node.jpg 1200w,
						  /static/a68ec0a3134b8610c476cd0fa3c0cf7e/6d185/node.jpg 1391w"
                  style={
                    Object {
                      "height": "100%",
                      "left": 0,
                      "objectFit": "contain",
                      "objectPosition": "center",
                      "opacity": 0,
                      "position": "absolute",
                      "top": 0,
                      "transition": "opacity 500ms",
                      "width": "100%",
                    }
                  }
                />
              </picture>
              <noscript
                dangerouslySetInnerHTML={
                  Object {
                    "__html": "<picture><source srcset=\\"/static/a68ec0a3134b8610c476cd0fa3c0cf7e/fd013/node.jpg 200w,
						  /static/a68ec0a3134b8610c476cd0fa3c0cf7e/25252/node.jpg 400w,
						  /static/a68ec0a3134b8610c476cd0fa3c0cf7e/2f1b1/node.jpg 800w,
						  /static/a68ec0a3134b8610c476cd0fa3c0cf7e/0ff54/node.jpg 1200w,
						  /static/a68ec0a3134b8610c476cd0fa3c0cf7e/6d185/node.jpg 1391w\\" sizes=\\"(max-width: 800px) 100vw, 800px\\" /><img loading=\\"lazy\\" sizes=\\"(max-width: 800px) 100vw, 800px\\" srcset=\\"/static/a68ec0a3134b8610c476cd0fa3c0cf7e/fd013/node.jpg 200w,
						  /static/a68ec0a3134b8610c476cd0fa3c0cf7e/25252/node.jpg 400w,
						  /static/a68ec0a3134b8610c476cd0fa3c0cf7e/2f1b1/node.jpg 800w,
						  /static/a68ec0a3134b8610c476cd0fa3c0cf7e/0ff54/node.jpg 1200w,
						  /static/a68ec0a3134b8610c476cd0fa3c0cf7e/6d185/node.jpg 1391w\\" src=\\"/static/a68ec0a3134b8610c476cd0fa3c0cf7e/2f1b1/node.jpg\\" alt=\\"Node.js Logo\\" style=\\"position:absolute;top:0;left:0;opacity:1;width:100%;height:100%;object-fit:cover;object-position:center\\"/></picture>",
                  }
                }
              />
            </div>
            <p>
              Node
            </p>
          </div>
        </div>
      </div>
    </div>
    <div
      className="card emotion-5"
    >
      <div
        className="card-content emotion-4"
      >
        <h4
          className="brown-text light"
        >
          Back-End
        </h4>
        <hr
          className="MuiDivider-root divider MuiDivider-middle"
        />
        <div
          className="row emotion-3"
        >
          <div
            className="col s4 m2 emotion-1"
          >
            <div
              className=" gatsby-image-wrapper"
              style={
                Object {
                  "maxHeight": "100%",
                  "overflow": "hidden",
                  "position": "relative",
                }
              }
            >
              <div
                aria-hidden={true}
                style={
                  Object {
                    "paddingBottom": "63.83896477354421%",
                    "width": "100%",
                  }
                }
              />
              <img
                alt=""
                aria-hidden={true}
                src="data:image/jpeg;base64,/9j/2wBDABALDA4MChAODQ4SERATGCgaGBYWGDEj"
                style={
                  Object {
                    "height": "100%",
                    "left": 0,
                    "objectFit": "contain",
                    "objectPosition": "center",
                    "opacity": 1,
                    "position": "absolute",
                    "top": 0,
                    "transitionDelay": "500ms",
                    "width": "100%",
                  }
                }
              />
              <picture>
                <source
                  sizes="(max-width: 800px) 100vw, 800px"
                  srcSet="/static/a68ec0a3134b8610c476cd0fa3c0cf7e/fd013/python.jpg 200w,
						  /static/a68ec0a3134b8610c476cd0fa3c0cf7e/25252/python.jpg 400w,
						  /static/a68ec0a3134b8610c476cd0fa3c0cf7e/2f1b1/python.jpg 800w,
						  /static/a68ec0a3134b8610c476cd0fa3c0cf7e/0ff54/python.jpg 1200w,
						  /static/a68ec0a3134b8610c476cd0fa3c0cf7e/6d185/python.jpg 1391w"
                />
                <img
                  alt="Python Logo"
                  loading="lazy"
                  onLoad={[Function]}
                  sizes="(max-width: 800px) 100vw, 800px"
                  src="/static/a68ec0a3134b8610c476cd0fa3c0cf7e/2f1b1/python.jpg"
                  srcSet="/static/a68ec0a3134b8610c476cd0fa3c0cf7e/fd013/python.jpg 200w,
						  /static/a68ec0a3134b8610c476cd0fa3c0cf7e/25252/python.jpg 400w,
						  /static/a68ec0a3134b8610c476cd0fa3c0cf7e/2f1b1/python.jpg 800w,
						  /static/a68ec0a3134b8610c476cd0fa3c0cf7e/0ff54/python.jpg 1200w,
						  /static/a68ec0a3134b8610c476cd0fa3c0cf7e/6d185/python.jpg 1391w"
                  style={
                    Object {
                      "height": "100%",
                      "left": 0,
                      "objectFit": "contain",
                      "objectPosition": "center",
                      "opacity": 0,
                      "position": "absolute",
                      "top": 0,
                      "transition": "opacity 500ms",
                      "width": "100%",
                    }
                  }
                />
              </picture>
              <noscript
                dangerouslySetInnerHTML={
                  Object {
                    "__html": "<picture><source srcset=\\"/static/a68ec0a3134b8610c476cd0fa3c0cf7e/fd013/python.jpg 200w,
						  /static/a68ec0a3134b8610c476cd0fa3c0cf7e/25252/python.jpg 400w,
						  /static/a68ec0a3134b8610c476cd0fa3c0cf7e/2f1b1/python.jpg 800w,
						  /static/a68ec0a3134b8610c476cd0fa3c0cf7e/0ff54/python.jpg 1200w,
						  /static/a68ec0a3134b8610c476cd0fa3c0cf7e/6d185/python.jpg 1391w\\" sizes=\\"(max-width: 800px) 100vw, 800px\\" /><img loading=\\"lazy\\" sizes=\\"(max-width: 800px) 100vw, 800px\\" srcset=\\"/static/a68ec0a3134b8610c476cd0fa3c0cf7e/fd013/python.jpg 200w,
						  /static/a68ec0a3134b8610c476cd0fa3c0cf7e/25252/python.jpg 400w,
						  /static/a68ec0a3134b8610c476cd0fa3c0cf7e/2f1b1/python.jpg 800w,
						  /static/a68ec0a3134b8610c476cd0fa3c0cf7e/0ff54/python.jpg 1200w,
						  /static/a68ec0a3134b8610c476cd0fa3c0cf7e/6d185/python.jpg 1391w\\" src=\\"/static/a68ec0a3134b8610c476cd0fa3c0cf7e/2f1b1/python.jpg\\" alt=\\"Python Logo\\" style=\\"position:absolute;top:0;left:0;opacity:1;width:100%;height:100%;object-fit:cover;object-position:center\\"/></picture>",
                  }
                }
              />
            </div>
            <p>
              Python
            </p>
          </div>
          <div
            className="col s4 m2 emotion-1"
          >
            <div
              className=" gatsby-image-wrapper"
              style={
                Object {
                  "maxHeight": "100%",
                  "overflow": "hidden",
                  "position": "relative",
                }
              }
            >
              <div
                aria-hidden={true}
                style={
                  Object {
                    "paddingBottom": "63.83896477354421%",
                    "width": "100%",
                  }
                }
              />
              <img
                alt=""
                aria-hidden={true}
                src="data:image/jpeg;base64,/9j/2wBDABALDA4MChAODQ4SERATGCgaGBYWGDEj"
                style={
                  Object {
                    "height": "100%",
                    "left": 0,
                    "objectFit": "contain",
                    "objectPosition": "center",
                    "opacity": 1,
                    "position": "absolute",
                    "top": 0,
                    "transitionDelay": "500ms",
                    "width": "100%",
                  }
                }
              />
              <picture>
                <source
                  sizes="(max-width: 800px) 100vw, 800px"
                  srcSet="/static/a68ec0a3134b8610c476cd0fa3c0cf7e/fd013/go.jpg 200w,
						  /static/a68ec0a3134b8610c476cd0fa3c0cf7e/25252/go.jpg 400w,
						  /static/a68ec0a3134b8610c476cd0fa3c0cf7e/2f1b1/go.jpg 800w,
						  /static/a68ec0a3134b8610c476cd0fa3c0cf7e/0ff54/go.jpg 1200w,
						  /static/a68ec0a3134b8610c476cd0fa3c0cf7e/6d185/go.jpg 1391w"
                />
                <img
                  alt="Golang Logo"
                  loading="lazy"
                  onLoad={[Function]}
                  sizes="(max-width: 800px) 100vw, 800px"
                  src="/static/a68ec0a3134b8610c476cd0fa3c0cf7e/2f1b1/go.jpg"
                  srcSet="/static/a68ec0a3134b8610c476cd0fa3c0cf7e/fd013/go.jpg 200w,
						  /static/a68ec0a3134b8610c476cd0fa3c0cf7e/25252/go.jpg 400w,
						  /static/a68ec0a3134b8610c476cd0fa3c0cf7e/2f1b1/go.jpg 800w,
						  /static/a68ec0a3134b8610c476cd0fa3c0cf7e/0ff54/go.jpg 1200w,
						  /static/a68ec0a3134b8610c476cd0fa3c0cf7e/6d185/go.jpg 1391w"
                  style={
                    Object {
                      "height": "100%",
                      "left": 0,
                      "objectFit": "contain",
                      "objectPosition": "center",
                      "opacity": 0,
                      "position": "absolute",
                      "top": 0,
                      "transition": "opacity 500ms",
                      "width": "100%",
                    }
                  }
                />
              </picture>
              <noscript
                dangerouslySetInnerHTML={
                  Object {
                    "__html": "<picture><source srcset=\\"/static/a68ec0a3134b8610c476cd0fa3c0cf7e/fd013/go.jpg 200w,
						  /static/a68ec0a3134b8610c476cd0fa3c0cf7e/25252/go.jpg 400w,
						  /static/a68ec0a3134b8610c476cd0fa3c0cf7e/2f1b1/go.jpg 800w,
						  /static/a68ec0a3134b8610c476cd0fa3c0cf7e/0ff54/go.jpg 1200w,
						  /static/a68ec0a3134b8610c476cd0fa3c0cf7e/6d185/go.jpg 1391w\\" sizes=\\"(max-width: 800px) 100vw, 800px\\" /><img loading=\\"lazy\\" sizes=\\"(max-width: 800px) 100vw, 800px\\" srcset=\\"/static/a68ec0a3134b8610c476cd0fa3c0cf7e/fd013/go.jpg 200w,
						  /static/a68ec0a3134b8610c476cd0fa3c0cf7e/25252/go.jpg 400w,
						  /static/a68ec0a3134b8610c476cd0fa3c0cf7e/2f1b1/go.jpg 800w,
						  /static/a68ec0a3134b8610c476cd0fa3c0cf7e/0ff54/go.jpg 1200w,
						  /static/a68ec0a3134b8610c476cd0fa3c0cf7e/6d185/go.jpg 1391w\\" src=\\"/static/a68ec0a3134b8610c476cd0fa3c0cf7e/2f1b1/go.jpg\\" alt=\\"Golang Logo\\" style=\\"position:absolute;top:0;left:0;opacity:1;width:100%;height:100%;object-fit:cover;object-position:center\\"/></picture>",
                  }
                }
              />
            </div>
            <p>
              Go
            </p>
          </div>
          <div
            className="col s4 m2 emotion-1"
          >
            <div
              className=" gatsby-image-wrapper"
              style={
                Object {
                  "maxHeight": "100%",
                  "overflow": "hidden",
                  "position": "relative",
                }
              }
            >
              <div
                aria-hidden={true}
                style={
                  Object {
                    "paddingBottom": "63.83896477354421%",
                    "width": "100%",
                  }
                }
              />
              <img
                alt=""
                aria-hidden={true}
                src="data:image/jpeg;base64,/9j/2wBDABALDA4MChAODQ4SERATGCgaGBYWGDEj"
                style={
                  Object {
                    "height": "100%",
                    "left": 0,
                    "objectFit": "contain",
                    "objectPosition": "center",
                    "opacity": 1,
                    "position": "absolute",
                    "top": 0,
                    "transitionDelay": "500ms",
                    "width": "100%",
                  }
                }
              />
              <picture>
                <source
                  sizes="(max-width: 800px) 100vw, 800px"
                  srcSet="/static/a68ec0a3134b8610c476cd0fa3c0cf7e/fd013/java.jpg 200w,
						  /static/a68ec0a3134b8610c476cd0fa3c0cf7e/25252/java.jpg 400w,
						  /static/a68ec0a3134b8610c476cd0fa3c0cf7e/2f1b1/java.jpg 800w,
						  /static/a68ec0a3134b8610c476cd0fa3c0cf7e/0ff54/java.jpg 1200w,
						  /static/a68ec0a3134b8610c476cd0fa3c0cf7e/6d185/java.jpg 1391w"
                />
                <img
                  alt="Java Logo"
                  loading="lazy"
                  onLoad={[Function]}
                  sizes="(max-width: 800px) 100vw, 800px"
                  src="/static/a68ec0a3134b8610c476cd0fa3c0cf7e/2f1b1/java.jpg"
                  srcSet="/static/a68ec0a3134b8610c476cd0fa3c0cf7e/fd013/java.jpg 200w,
						  /static/a68ec0a3134b8610c476cd0fa3c0cf7e/25252/java.jpg 400w,
						  /static/a68ec0a3134b8610c476cd0fa3c0cf7e/2f1b1/java.jpg 800w,
						  /static/a68ec0a3134b8610c476cd0fa3c0cf7e/0ff54/java.jpg 1200w,
						  /static/a68ec0a3134b8610c476cd0fa3c0cf7e/6d185/java.jpg 1391w"
                  style={
                    Object {
                      "height": "100%",
                      "left": 0,
                      "objectFit": "contain",
                      "objectPosition": "center",
                      "opacity": 0,
                      "position": "absolute",
                      "top": 0,
                      "transition": "opacity 500ms",
                      "width": "100%",
                    }
                  }
                />
              </picture>
              <noscript
                dangerouslySetInnerHTML={
                  Object {
                    "__html": "<picture><source srcset=\\"/static/a68ec0a3134b8610c476cd0fa3c0cf7e/fd013/java.jpg 200w,
						  /static/a68ec0a3134b8610c476cd0fa3c0cf7e/25252/java.jpg 400w,
						  /static/a68ec0a3134b8610c476cd0fa3c0cf7e/2f1b1/java.jpg 800w,
						  /static/a68ec0a3134b8610c476cd0fa3c0cf7e/0ff54/java.jpg 1200w,
						  /static/a68ec0a3134b8610c476cd0fa3c0cf7e/6d185/java.jpg 1391w\\" sizes=\\"(max-width: 800px) 100vw, 800px\\" /><img loading=\\"lazy\\" sizes=\\"(max-width: 800px) 100vw, 800px\\" srcset=\\"/static/a68ec0a3134b8610c476cd0fa3c0cf7e/fd013/java.jpg 200w,
						  /static/a68ec0a3134b8610c476cd0fa3c0cf7e/25252/java.jpg 400w,
						  /static/a68ec0a3134b8610c476cd0fa3c0cf7e/2f1b1/java.jpg 800w,
						  /static/a68ec0a3134b8610c476cd0fa3c0cf7e/0ff54/java.jpg 1200w,
						  /static/a68ec0a3134b8610c476cd0fa3c0cf7e/6d185/java.jpg 1391w\\" src=\\"/static/a68ec0a3134b8610c476cd0fa3c0cf7e/2f1b1/java.jpg\\" alt=\\"Java Logo\\" style=\\"position:absolute;top:0;left:0;opacity:1;width:100%;height:100%;object-fit:cover;object-position:center\\"/></picture>",
                  }
                }
              />
            </div>
            <p>
              Java
            </p>
          </div>
          <div
            className="col s4 m2 emotion-1"
          >
            <div
              className=" gatsby-image-wrapper"
              style={
                Object {
                  "maxHeight": "100%",
                  "overflow": "hidden",
                  "position": "relative",
                }
              }
            >
              <div
                aria-hidden={true}
                style={
                  Object {
                    "paddingBottom": "63.83896477354421%",
                    "width": "100%",
                  }
                }
              />
              <img
                alt=""
                aria-hidden={true}
                src="data:image/jpeg;base64,/9j/2wBDABALDA4MChAODQ4SERATGCgaGBYWGDEj"
                style={
                  Object {
                    "height": "100%",
                    "left": 0,
                    "objectFit": "contain",
                    "objectPosition": "center",
                    "opacity": 1,
                    "position": "absolute",
                    "top": 0,
                    "transitionDelay": "500ms",
                    "width": "100%",
                  }
                }
              />
              <picture>
                <source
                  sizes="(max-width: 800px) 100vw, 800px"
                  srcSet="/static/a68ec0a3134b8610c476cd0fa3c0cf7e/fd013/mysql.jpg 200w,
						  /static/a68ec0a3134b8610c476cd0fa3c0cf7e/25252/mysql.jpg 400w,
						  /static/a68ec0a3134b8610c476cd0fa3c0cf7e/2f1b1/mysql.jpg 800w,
						  /static/a68ec0a3134b8610c476cd0fa3c0cf7e/0ff54/mysql.jpg 1200w,
						  /static/a68ec0a3134b8610c476cd0fa3c0cf7e/6d185/mysql.jpg 1391w"
                />
                <img
                  alt="MySQL Logo"
                  loading="lazy"
                  onLoad={[Function]}
                  sizes="(max-width: 800px) 100vw, 800px"
                  src="/static/a68ec0a3134b8610c476cd0fa3c0cf7e/2f1b1/mysql.jpg"
                  srcSet="/static/a68ec0a3134b8610c476cd0fa3c0cf7e/fd013/mysql.jpg 200w,
						  /static/a68ec0a3134b8610c476cd0fa3c0cf7e/25252/mysql.jpg 400w,
						  /static/a68ec0a3134b8610c476cd0fa3c0cf7e/2f1b1/mysql.jpg 800w,
						  /static/a68ec0a3134b8610c476cd0fa3c0cf7e/0ff54/mysql.jpg 1200w,
						  /static/a68ec0a3134b8610c476cd0fa3c0cf7e/6d185/mysql.jpg 1391w"
                  style={
                    Object {
                      "height": "100%",
                      "left": 0,
                      "objectFit": "contain",
                      "objectPosition": "center",
                      "opacity": 0,
                      "position": "absolute",
                      "top": 0,
                      "transition": "opacity 500ms",
                      "width": "100%",
                    }
                  }
                />
              </picture>
              <noscript
                dangerouslySetInnerHTML={
                  Object {
                    "__html": "<picture><source srcset=\\"/static/a68ec0a3134b8610c476cd0fa3c0cf7e/fd013/mysql.jpg 200w,
						  /static/a68ec0a3134b8610c476cd0fa3c0cf7e/25252/mysql.jpg 400w,
						  /static/a68ec0a3134b8610c476cd0fa3c0cf7e/2f1b1/mysql.jpg 800w,
						  /static/a68ec0a3134b8610c476cd0fa3c0cf7e/0ff54/mysql.jpg 1200w,
						  /static/a68ec0a3134b8610c476cd0fa3c0cf7e/6d185/mysql.jpg 1391w\\" sizes=\\"(max-width: 800px) 100vw, 800px\\" /><img loading=\\"lazy\\" sizes=\\"(max-width: 800px) 100vw, 800px\\" srcset=\\"/static/a68ec0a3134b8610c476cd0fa3c0cf7e/fd013/mysql.jpg 200w,
						  /static/a68ec0a3134b8610c476cd0fa3c0cf7e/25252/mysql.jpg 400w,
						  /static/a68ec0a3134b8610c476cd0fa3c0cf7e/2f1b1/mysql.jpg 800w,
						  /static/a68ec0a3134b8610c476cd0fa3c0cf7e/0ff54/mysql.jpg 1200w,
						  /static/a68ec0a3134b8610c476cd0fa3c0cf7e/6d185/mysql.jpg 1391w\\" src=\\"/static/a68ec0a3134b8610c476cd0fa3c0cf7e/2f1b1/mysql.jpg\\" alt=\\"MySQL Logo\\" style=\\"position:absolute;top:0;left:0;opacity:1;width:100%;height:100%;object-fit:cover;object-position:center\\"/></picture>",
                  }
                }
              />
            </div>
            <p>
              MySQL
            </p>
          </div>
          <div
            className="col s4 m2 emotion-1"
          >
            <div
              className=" gatsby-image-wrapper"
              style={
                Object {
                  "maxHeight": "100%",
                  "overflow": "hidden",
                  "position": "relative",
                }
              }
            >
              <div
                aria-hidden={true}
                style={
                  Object {
                    "paddingBottom": "63.83896477354421%",
                    "width": "100%",
                  }
                }
              />
              <img
                alt=""
                aria-hidden={true}
                src="data:image/jpeg;base64,/9j/2wBDABALDA4MChAODQ4SERATGCgaGBYWGDEj"
                style={
                  Object {
                    "height": "100%",
                    "left": 0,
                    "objectFit": "contain",
                    "objectPosition": "center",
                    "opacity": 1,
                    "position": "absolute",
                    "top": 0,
                    "transitionDelay": "500ms",
                    "width": "100%",
                  }
                }
              />
              <picture>
                <source
                  sizes="(max-width: 800px) 100vw, 800px"
                  srcSet="/static/a68ec0a3134b8610c476cd0fa3c0cf7e/fd013/oracle.jpg 200w,
						  /static/a68ec0a3134b8610c476cd0fa3c0cf7e/25252/oracle.jpg 400w,
						  /static/a68ec0a3134b8610c476cd0fa3c0cf7e/2f1b1/oracle.jpg 800w,
						  /static/a68ec0a3134b8610c476cd0fa3c0cf7e/0ff54/oracle.jpg 1200w,
						  /static/a68ec0a3134b8610c476cd0fa3c0cf7e/6d185/oracle.jpg 1391w"
                />
                <img
                  alt="Oracle Logo"
                  loading="lazy"
                  onLoad={[Function]}
                  sizes="(max-width: 800px) 100vw, 800px"
                  src="/static/a68ec0a3134b8610c476cd0fa3c0cf7e/2f1b1/oracle.jpg"
                  srcSet="/static/a68ec0a3134b8610c476cd0fa3c0cf7e/fd013/oracle.jpg 200w,
						  /static/a68ec0a3134b8610c476cd0fa3c0cf7e/25252/oracle.jpg 400w,
						  /static/a68ec0a3134b8610c476cd0fa3c0cf7e/2f1b1/oracle.jpg 800w,
						  /static/a68ec0a3134b8610c476cd0fa3c0cf7e/0ff54/oracle.jpg 1200w,
						  /static/a68ec0a3134b8610c476cd0fa3c0cf7e/6d185/oracle.jpg 1391w"
                  style={
                    Object {
                      "height": "100%",
                      "left": 0,
                      "objectFit": "contain",
                      "objectPosition": "center",
                      "opacity": 0,
                      "position": "absolute",
                      "top": 0,
                      "transition": "opacity 500ms",
                      "width": "100%",
                    }
                  }
                />
              </picture>
              <noscript
                dangerouslySetInnerHTML={
                  Object {
                    "__html": "<picture><source srcset=\\"/static/a68ec0a3134b8610c476cd0fa3c0cf7e/fd013/oracle.jpg 200w,
						  /static/a68ec0a3134b8610c476cd0fa3c0cf7e/25252/oracle.jpg 400w,
						  /static/a68ec0a3134b8610c476cd0fa3c0cf7e/2f1b1/oracle.jpg 800w,
						  /static/a68ec0a3134b8610c476cd0fa3c0cf7e/0ff54/oracle.jpg 1200w,
						  /static/a68ec0a3134b8610c476cd0fa3c0cf7e/6d185/oracle.jpg 1391w\\" sizes=\\"(max-width: 800px) 100vw, 800px\\" /><img loading=\\"lazy\\" sizes=\\"(max-width: 800px) 100vw, 800px\\" srcset=\\"/static/a68ec0a3134b8610c476cd0fa3c0cf7e/fd013/oracle.jpg 200w,
						  /static/a68ec0a3134b8610c476cd0fa3c0cf7e/25252/oracle.jpg 400w,
						  /static/a68ec0a3134b8610c476cd0fa3c0cf7e/2f1b1/oracle.jpg 800w,
						  /static/a68ec0a3134b8610c476cd0fa3c0cf7e/0ff54/oracle.jpg 1200w,
						  /static/a68ec0a3134b8610c476cd0fa3c0cf7e/6d185/oracle.jpg 1391w\\" src=\\"/static/a68ec0a3134b8610c476cd0fa3c0cf7e/2f1b1/oracle.jpg\\" alt=\\"Oracle Logo\\" style=\\"position:absolute;top:0;left:0;opacity:1;width:100%;height:100%;object-fit:cover;object-position:center\\"/></picture>",
                  }
                }
              />
            </div>
            <p>
              Oracle
            </p>
          </div>
        </div>
      </div>
    </div>
    <div
      className="card emotion-5"
    >
      <div
        className="card-content emotion-4"
      >
        <h4
          className="brown-text light"
        >
          Cloud
        </h4>
        <hr
          className="MuiDivider-root divider MuiDivider-middle"
        />
        <div
          className="row emotion-3"
        >
          <div
            className="col s4 m2 emotion-1"
          >
            <div
              className=" gatsby-image-wrapper"
              style={
                Object {
                  "maxHeight": "100%",
                  "overflow": "hidden",
                  "position": "relative",
                }
              }
            >
              <div
                aria-hidden={true}
                style={
                  Object {
                    "paddingBottom": "63.83896477354421%",
                    "width": "100%",
                  }
                }
              />
              <img
                alt=""
                aria-hidden={true}
                src="data:image/jpeg;base64,/9j/2wBDABALDA4MChAODQ4SERATGCgaGBYWGDEj"
                style={
                  Object {
                    "height": "100%",
                    "left": 0,
                    "objectFit": "contain",
                    "objectPosition": "center",
                    "opacity": 1,
                    "position": "absolute",
                    "top": 0,
                    "transitionDelay": "500ms",
                    "width": "100%",
                  }
                }
              />
              <picture>
                <source
                  sizes="(max-width: 800px) 100vw, 800px"
                  srcSet="/static/a68ec0a3134b8610c476cd0fa3c0cf7e/fd013/aws.jpg 200w,
						  /static/a68ec0a3134b8610c476cd0fa3c0cf7e/25252/aws.jpg 400w,
						  /static/a68ec0a3134b8610c476cd0fa3c0cf7e/2f1b1/aws.jpg 800w,
						  /static/a68ec0a3134b8610c476cd0fa3c0cf7e/0ff54/aws.jpg 1200w,
						  /static/a68ec0a3134b8610c476cd0fa3c0cf7e/6d185/aws.jpg 1391w"
                />
                <img
                  alt="AWS Logo"
                  loading="lazy"
                  onLoad={[Function]}
                  sizes="(max-width: 800px) 100vw, 800px"
                  src="/static/a68ec0a3134b8610c476cd0fa3c0cf7e/2f1b1/aws.jpg"
                  srcSet="/static/a68ec0a3134b8610c476cd0fa3c0cf7e/fd013/aws.jpg 200w,
						  /static/a68ec0a3134b8610c476cd0fa3c0cf7e/25252/aws.jpg 400w,
						  /static/a68ec0a3134b8610c476cd0fa3c0cf7e/2f1b1/aws.jpg 800w,
						  /static/a68ec0a3134b8610c476cd0fa3c0cf7e/0ff54/aws.jpg 1200w,
						  /static/a68ec0a3134b8610c476cd0fa3c0cf7e/6d185/aws.jpg 1391w"
                  style={
                    Object {
                      "height": "100%",
                      "left": 0,
                      "objectFit": "contain",
                      "objectPosition": "center",
                      "opacity": 0,
                      "position": "absolute",
                      "top": 0,
                      "transition": "opacity 500ms",
                      "width": "100%",
                    }
                  }
                />
              </picture>
              <noscript
                dangerouslySetInnerHTML={
                  Object {
                    "__html": "<picture><source srcset=\\"/static/a68ec0a3134b8610c476cd0fa3c0cf7e/fd013/aws.jpg 200w,
						  /static/a68ec0a3134b8610c476cd0fa3c0cf7e/25252/aws.jpg 400w,
						  /static/a68ec0a3134b8610c476cd0fa3c0cf7e/2f1b1/aws.jpg 800w,
						  /static/a68ec0a3134b8610c476cd0fa3c0cf7e/0ff54/aws.jpg 1200w,
						  /static/a68ec0a3134b8610c476cd0fa3c0cf7e/6d185/aws.jpg 1391w\\" sizes=\\"(max-width: 800px) 100vw, 800px\\" /><img loading=\\"lazy\\" sizes=\\"(max-width: 800px) 100vw, 800px\\" srcset=\\"/static/a68ec0a3134b8610c476cd0fa3c0cf7e/fd013/aws.jpg 200w,
						  /static/a68ec0a3134b8610c476cd0fa3c0cf7e/25252/aws.jpg 400w,
						  /static/a68ec0a3134b8610c476cd0fa3c0cf7e/2f1b1/aws.jpg 800w,
						  /static/a68ec0a3134b8610c476cd0fa3c0cf7e/0ff54/aws.jpg 1200w,
						  /static/a68ec0a3134b8610c476cd0fa3c0cf7e/6d185/aws.jpg 1391w\\" src=\\"/static/a68ec0a3134b8610c476cd0fa3c0cf7e/2f1b1/aws.jpg\\" alt=\\"AWS Logo\\" style=\\"position:absolute;top:0;left:0;opacity:1;width:100%;height:100%;object-fit:cover;object-position:center\\"/></picture>",
                  }
                }
              />
            </div>
            <p>
              AWS
            </p>
          </div>
        </div>
      </div>
    </div>
  </div>
</section>
`;
