// Jest Snapshot v1, https://goo.gl/fbAQLP

exports[`LayoutMain renders correctly 1`] = `
.emotion-0 {
  background: url(test-file-stub);
  display: -webkit-box;
  display: -webkit-flex;
  display: -ms-flexbox;
  display: flex;
  -webkit-flex-direction: column;
  -ms-flex-direction: column;
  flex-direction: column;
  padding-left: 190px;
}

@media (max-width: 992px) {
  .emotion-0 {
    padding-left: 0;
  }
}

.emotion-0 {
  background: url(test-file-stub);
  display: -webkit-box;
  display: -webkit-flex;
  display: -ms-flexbox;
  display: flex;
  -webkit-flex-direction: column;
  -ms-flex-direction: column;
  flex-direction: column;
  padding-left: 190px;
}

@media (max-width: 992px) {
  .emotion-0 {
    padding-left: 0;
  }
}

<main
  className="emotion-0"
/>
`;
